Microchip MPLAB XC8 Compiler V1.35 ()

Linker command line:

--edf=C:\Program Files (x86)\Microchip\xc8\v1.35\dat\en_msgs.txt -cs \
  -h+dist/default/production\sterzo.production.sym \
  --cmf=dist/default/production\sterzo.production.cmf -z -Q18F4480 \
  -oC:\Users\LUIGINO\AppData\Local\Temp\sfec.2 \
  -Mdist/default/production/sterzo.production.map -E1 -ver=XC8 --acfsm=1493 \
  -ASTACK=0124h-02ffh -pstack=STACK -ACODE=00h-03FFFh -ACONST=00h-03FFFh \
  -ASMALLCONST=0300h-03FFhx61 -AMEDIUMCONST=0300h-03FFFh -ACOMRAM=01h-05Fh \
  -AABS1=00h-02FFh -ABIGRAM=01h-02FFh -ARAM=060h-0FFh,0100h-01FFhx2 \
  -ABANK0=060h-0FFh -ABANK1=0100h-01FFh -ABANK2=0200h-02FFh \
  -ASFR=0D00h-0DFFhx2,0F00h-0F5Fh,0F60h-0FFFh \
  -preset_vec=00h,intcode=08h,intcodelo=018h,powerup,init,end_init \
  -pramtop=0300h -psmallconst=SMALLCONST -pmediumconst=MEDIUMCONST \
  -pconst=CONST -AFARRAM=00h-00h -ACONFIG=0300000h-030000Dh -pconfig=CONFIG \
  -AIDLOC=0200000h-0200007h -pidloc=IDLOC -AEEDATA=0F00000h-0F000FFh \
  -peeprom_data=EEDATA \
  -prdata=COMRAM,nvrram=COMRAM,nvbit=COMRAM,rbss=COMRAM,rbit=COMRAM \
  -pfarbss=FARRAM,fardata=FARRAM,nvFARRAM=FARRAM \
  -pintsave_regs=BIGRAM,bigbss=BIGRAM,bigdata=BIGRAM -pbss=RAM \
  -pidata=CODE,irdata=CODE,ibigdata=CODE,ifardata=CODE -pparam0=BANK0 \
  C:\Users\LUIGINO\AppData\Local\Temp\sfec.obj \
  dist/default/production\sterzo.production.obj 

Object code version is 3.11

Machine type is 18F4480

Call graph: (short form)




                Name                               Link     Load   Length Selector   Space Scale
C:\Users\LUIGINO\AppData\Local\Temp\sfec.obj
                end_init                            166      166        4        C       0
                reset_vec                             0        0        4        0       0
                idloc                            200000   200000        8   200000       0
                config                           300000   300000        E   300000       0
dist/default/production\sterzo.production.obj
                intcodelo                            18       18      14E        C       0
                intcode                               8        8        E        4       0
                temp                                 45       45        1        1       1
                text33                             397C     397C       12        C       0
                intcode_body                       3540     3540       B2        C       0
                text31                             3954     3954       16        C       0
                text30                             13FC     13FC      50C        C       0
                text28                             39A6     39A6        C        C       0
                text27                             399A     399A        C        C       0
                text26                             33C6     33C6       BE        C       0
                text25                             1908     1908      4A8        C       0
                text24                             26E2     26E2      3C0        C       0
                text23                             1DB0     1DB0      4A6        C       0
                text22                             3880     3880       38        C       0
                text21                             31D4     31D4      10C        C       0
                text20                             3484     3484       BC        C       0
                text19                             36E6     36E6       76        C       0
                text18                             2E40     2E40      1CE        C       0
                text17                             38EE     38EE       2C        C       0
                text16                             398E     398E        C        C       0
                text15                             39B6     39B6        4        C       0
                text14                             396A     396A       12        C       0
                text13                             366E     366E       78        C       0
                text12                             37C2     37C2       46        C       0
                text11                             393E     393E       16        C       0
                text10                              16A      16A      B06        C       0
                text9                              2AA2     2AA2      39E        C       0
                text8                              300E     300E      1C6        C       0
                text7                              35F2     35F2       7C        C       0
                text6                              38B8     38B8       36        C       0
                text5                              3846     3846       3A        C       0
                text4                              32E0     32E0       E6        C       0
                text3                              391A     391A       24        C       0
                text2                               C70      C70      78C        C       0
                text1                              3808     3808       3E        C       0
                text0                              2256     2256      48C        C       0
                cstackCOMRAM                         21       21       1F        1       1
                cstackBANK0                          60       60       59       60       1
                cstackBANK1                         100      100       24      100       1
                dataBANK0                            E7       E7        3       60       1
                bssBANK0                             B9       B9       2E       60       1
                dataCOMRAM                           40       40        4        1       1
                bssCOMRAM                             1        1       20        1       1
                bitbssCOMRAM                        220       44        1        1       1     8
                cinit                              375C     375C       66        C       0
                nvBANK0                              EA       EA        2       60       1
                idataBANK0                         39BA     39BA        3        C       0
                idataCOMRAM                        39B2     39B2        4        C       0

TOTAL           Name                               Link     Load   Length     Space
        CLASS   STACK          

        CLASS   CODE           
                end_init                            166      166        4         0
                intcodelo                            18       18      14E         0
                intcode                               8        8        E         0
                reset_vec                             0        0        4         0
                text33                             397C     397C       12         0
                intcode_body                       3540     3540       B2         0
                text31                             3954     3954       16         0
                text30                             13FC     13FC      50C         0
                text28                             39A6     39A6        C         0
                text27                             399A     399A        C         0
                text26                             33C6     33C6       BE         0
                text25                             1908     1908      4A8         0
                text24                             26E2     26E2      3C0         0
                text23                             1DB0     1DB0      4A6         0
                text22                             3880     3880       38         0
                text21                             31D4     31D4      10C         0
                text20                             3484     3484       BC         0
                text19                             36E6     36E6       76         0
                text18                             2E40     2E40      1CE         0
                text17                             38EE     38EE       2C         0
                text16                             398E     398E        C         0
                text15                             39B6     39B6        4         0
                text14                             396A     396A       12         0
                text13                             366E     366E       78         0
                text12                             37C2     37C2       46         0
                text11                             393E     393E       16         0
                text10                              16A      16A      B06         0
                text9                              2AA2     2AA2      39E         0
                text8                              300E     300E      1C6         0
                text7                              35F2     35F2       7C         0
                text6                              38B8     38B8       36         0
                text5                              3846     3846       3A         0
                text4                              32E0     32E0       E6         0
                text3                              391A     391A       24         0
                text2                               C70      C70      78C         0
                text1                              3808     3808       3E         0
                text0                              2256     2256      48C         0
                cinit                              375C     375C       66         0
                idataBANK0                         39BA     39BA        3         0
                idataCOMRAM                        39B2     39B2        4         0

        CLASS   CONST          

        CLASS   SMALLCONST     

        CLASS   MEDIUMCONST    

        CLASS   COMRAM         
                temp                                 45       45        1         1
                cstackCOMRAM                         21       21       1F         1
                dataCOMRAM                           40       40        4         1
                bssCOMRAM                             1        1       20         1
                bitbssCOMRAM                        220       44        1         1

        CLASS   ABS1           

        CLASS   BIGRAM         

        CLASS   RAM            

        CLASS   BANK0          
                cstackBANK0                          60       60       59         1
                dataBANK0                            E7       E7        3         1
                bssBANK0                             B9       B9       2E         1
                nvBANK0                              EA       EA        2         1

        CLASS   BANK1          
                cstackBANK1                         100      100       24         1

        CLASS   BANK2          

        CLASS   SFR            

        CLASS   FARRAM         

        CLASS   CONFIG         
                config                           300000   300000        E         0

        CLASS   IDLOC          
                idloc                            200000   200000        8         0

        CLASS   EEDATA         



SEGMENTS        Name                           Load    Length   Top    Selector   Space  Class

                reset_vec                      000000  000004  000004         0       0  CODE    
                bssCOMRAM                      000001  000045  000046         1       1  COMRAM  
                intcode                        000008  00000E  000016         4       0  CODE    
                intcodelo                      000018  0039A5  0039BD         C       0  CODE    
                cstackBANK0                    000060  00008C  0000EC        60       1  BANK0   
                cstackBANK1                    000100  000024  000124       100       1  BANK1   
                idloc                          200000  000008  200008    200000       0  IDLOC   
                config                         300000  00000E  30000E    300000       0  CONFIG  


UNUSED ADDRESS RANGES

        Name                Unused          Largest block    Delta
        BANK0            0000EC-0000FF               14
        BANK1            000124-0001FF               DC
        BANK2            000200-0002FF              100
        BIGRAM           000046-00005F               1A
                         0000EC-0000FF               14
                         000124-0002FF              1DC
        CODE             000004-000007                4
                         000016-000017                2
                         0039BD-003FFF              643
        COMRAM           000046-00005F               1A
        CONST            000004-000007                4
                         000016-000017                2
                         0039BD-003FFF              643
        EEDATA           F00000-F000FF              100
        MEDIUMCONST      0039BD-003FFF              643
        RAM              0000EC-0000FF               14
                         000124-0002FF               DC
        SFR              000D00-000FFF              100
        SMALLCONST       0039BD-003FFF              100
        STACK            000124-0002FF              1DC

                                  Symbol Table

?_ReadADC                         cstackBANK0  000073
?___awdiv                         cstackBANK0  000073
?___fladd                         cstackBANK1  000100
?___fldiv                         cstackBANK0  00009A
?___flmul                         cstackBANK0  00009A
?___flneg                         cstackBANK0  0000B3
?___fltol                         cstackBANK1  000114
?___lldiv                         cstackBANK0  00007F
?___lmul                          cstackBANK0  000073
?___lwdiv                         cstackBANK0  000073
?___wmul                          cstackBANK0  00007B
?___xxtofl                        cstackBANK0  00008C
?_abs                             cstackBANK0  000073
CANInitialize@BRP                 cstackBANK0  000084
CANInitialize@FilterConfig1       cstackBANK0  00008B
CANInitialize@FilterConfig2       cstackBANK0  00008C
CANInitialize@SJW                 cstackBANK0  000083
CANInitialize@flags               cstackBANK0  000085
CANInitialize@phaseSeg1           cstackBANK0  000081
CANInitialize@phaseSeg2           cstackBANK0  000082
CANInitialize@propSeg             cstackBANK0  00008A
CANOperationMode@mode             cstackBANK0  000073
CANSetFilter@filter               cstackBANK0  000073
CANSetFilter@numBuffer            cstackBANK0  00007C
CANSetFilter@tamp                 cstackBANK0  00007D
CANSetFilter@type                 cstackBANK0  000077
CANSetMask@mask                   cstackBANK0  000073
CANSetMask@numBuffer              cstackBANK0  00007C
CANSetMask@tamp                   cstackBANK0  00007D
CANSetMask@type                   cstackBANK0  000077
CANreceiveMessage@error           cstackCOMRAM 00002B
CANreceiveMessage@msg             cstackCOMRAM 000021
CANreceiveMessage@tamp            cstackCOMRAM 00002C
CANsendMessage@data               cstackBANK0  000077
CANsendMessage@dataLength         cstackBANK0  000079
CANsendMessage@flags              cstackBANK0  00007A
CANsendMessage@identifier         cstackBANK0  000073
CANsendMessage@tamp               cstackBANK0  00007F
OpenADC@config                    cstackBANK0  000077
OpenADC@config2                   cstackBANK0  000073
OpenADC@portconfig                cstackBANK0  000074
WriteTimer0@timer                 cstackBANK0  000062
WriteTimer0@timer0                cstackBANK0  000060
_ADCON0                           (abs)        000FC2
_ADCON0bits                       (abs)        000FC2
_ADCON1                           (abs)        000FC1
_ADCON2                           (abs)        000FC0
_ADCResult                        bssBANK0     0000D9
_ADRESH                           (abs)        000FC4
_ADRESL                           (abs)        000FC3
_BRGCON1                          (abs)        000F70
_BRGCON2                          (abs)        000F71
_BRGCON2bits                      (abs)        000F71
_BRGCON3                          (abs)        000F72
_BRGCON3bits                      (abs)        000F72
_BusyADC                          text16       00398E
_CANCON                           (abs)        000F6F
_CANCONbits                       (abs)        000F6F
_CANInitialize                    text8        00300E
_CANOperationMode                 text11       00393E
_CANSTAT                          (abs)        000F6E
_CANSetFilter                     text10       00016A
_CANSetMask                       text9        002AA2
_CANisRXwarningON                 text28       0039A6
_CANisRxReady                     text31       003954
_CANisRxReady$2920                cstackCOMRAM 000021
_CANisTXwarningON                 text27       00399A
_CANisTxReady                     text3        00391A
_CANisTxReady$2918                cstackBANK0  000073
_CANreceiveMessage                text30       0013FC
_CANsendMessage                   text2        000C70
_COMSTATbits                      (abs)        000F74
_ConvertADC                       text15       0039B6
_INTCON2bits                      (abs)        000FF1
_INTCONbits                       (abs)        000FF2
_IPR2bits                         (abs)        000FA2
_IPR3bits                         (abs)        000FA5
_ISR_alta                         intcode      000008
_ISR_bassa                        intcodelo    000018
_LATA                             (abs)        000F89
_LATB                             (abs)        000F8A
_LATC                             (abs)        000F8B
_LATD                             (abs)        000F8C
_LATE                             (abs)        000F8D
_OpenADC                          text7        0035F2
_PIE1bits                         (abs)        000F9D
_PIE2bits                         (abs)        000FA0
_PIE3bits                         (abs)        000FA3
_PIR1bits                         (abs)        000F9E
_PIR2bits                         (abs)        000FA1
_PIR3bits                         (abs)        000FA4
_PORTAbits                        (abs)        000F80
_PORTC                            (abs)        000F82
_PORTCbits                        (abs)        000F82
_RCONbits                         (abs)        000FD0
_RXB0CON                          (abs)        000F60
_RXB0CONbits                      (abs)        000F60
_RXB0D0                           (abs)        000F66
_RXB0D1                           (abs)        000F67
_RXB0D2                           (abs)        000F68
_RXB0D3                           (abs)        000F69
_RXB0D4                           (abs)        000F6A
_RXB0D5                           (abs)        000F6B
_RXB0D6                           (abs)        000F6C
_RXB0D7                           (abs)        000F6D
_RXB0DLC                          (abs)        000F65
_RXB0DLCbits                      (abs)        000F65
_RXB0EIDH                         (abs)        000F63
_RXB0EIDL                         (abs)        000F64
_RXB0SIDH                         (abs)        000F61
_RXB0SIDL                         (abs)        000F62
_RXB0SIDLbits                     (abs)        000F62
_RXB1CON                          (abs)        000F50
_RXB1CONbits                      (abs)        000F50
_RXB1D0                           (abs)        000F56
_RXB1D1                           (abs)        000F57
_RXB1D2                           (abs)        000F58
_RXB1D3                           (abs)        000F59
_RXB1D4                           (abs)        000F5A
_RXB1D5                           (abs)        000F5B
_RXB1D6                           (abs)        000F5C
_RXB1D7                           (abs)        000F5D
_RXB1DLC                          (abs)        000F55
_RXB1DLCbits                      (abs)        000F55
_RXB1EIDH                         (abs)        000F53
_RXB1EIDL                         (abs)        000F54
_RXB1SIDH                         (abs)        000F51
_RXB1SIDL                         (abs)        000F52
_RXB1SIDLbits                     (abs)        000F52
_RXERRCNT                         (abs)        000F75
_RXF0EIDH                         (abs)        000F02
_RXF0EIDL                         (abs)        000F03
_RXF0SIDH                         (abs)        000F00
_RXF0SIDL                         (abs)        000F01
_RXF0SIDLbits                     (abs)        000F01
_RXF1EIDH                         (abs)        000F06
_RXF1EIDL                         (abs)        000F07
_RXF1SIDH                         (abs)        000F04
_RXF1SIDL                         (abs)        000F05
_RXF1SIDLbits                     (abs)        000F05
_RXF2EIDH                         (abs)        000F0A
_RXF2EIDL                         (abs)        000F0B
_RXF2SIDH                         (abs)        000F08
_RXF2SIDL                         (abs)        000F09
_RXF2SIDLbits                     (abs)        000F09
_RXF3EIDH                         (abs)        000F0E
_RXF3EIDL                         (abs)        000F0F
_RXF3SIDH                         (abs)        000F0C
_RXF3SIDL                         (abs)        000F0D
_RXF3SIDLbits                     (abs)        000F0D
_RXF4EIDH                         (abs)        000F12
_RXF4EIDL                         (abs)        000F13
_RXF4SIDH                         (abs)        000F10
_RXF4SIDL                         (abs)        000F11
_RXF4SIDLbits                     (abs)        000F11
_RXF5EIDH                         (abs)        000F16
_RXF5EIDL                         (abs)        000F17
_RXF5SIDH                         (abs)        000F14
_RXF5SIDL                         (abs)        000F15
_RXF5SIDLbits                     (abs)        000F15
_RXM0EIDH                         (abs)        000F1A
_RXM0EIDL                         (abs)        000F1B
_RXM0SIDH                         (abs)        000F18
_RXM0SIDL                         (abs)        000F19
_RXM0SIDLbits                     (abs)        000F19
_RXM1EIDH                         (abs)        000F1E
_RXM1EIDL                         (abs)        000F1F
_RXM1SIDH                         (abs)        000F1C
_RXM1SIDL                         (abs)        000F1D
_RXM1SIDLbits                     (abs)        000F1D
_ReadADC                          text14       00396A
_T0CON                            (abs)        000FD5
_T0CONbits                        (abs)        000FD5
_T3CON                            (abs)        000FB1
_TMR0H                            (abs)        000FD7
_TMR0L                            (abs)        000FD6
_TMR3H                            (abs)        000FB3
_TMR3L                            (abs)        000FB2
_TRISA                            (abs)        000F92
_TRISB                            (abs)        000F93
_TRISC                            (abs)        000F94
_TRISD                            (abs)        000F95
_TRISE                            (abs)        000F96
_TXB0CONbits                      (abs)        000F40
_TXB0D0                           (abs)        000F46
_TXB0D1                           (abs)        000F47
_TXB0D2                           (abs)        000F48
_TXB0D3                           (abs)        000F49
_TXB0D4                           (abs)        000F4A
_TXB0D5                           (abs)        000F4B
_TXB0D6                           (abs)        000F4C
_TXB0D7                           (abs)        000F4D
_TXB0DLC                          (abs)        000F45
_TXB0DLCbits                      (abs)        000F45
_TXB0EIDH                         (abs)        000F43
_TXB0EIDL                         (abs)        000F44
_TXB0SIDH                         (abs)        000F41
_TXB0SIDL                         (abs)        000F42
_TXB0SIDLbits                     (abs)        000F42
_TXB1CONbits                      (abs)        000F30
_TXB1D0                           (abs)        000F36
_TXB1D1                           (abs)        000F37
_TXB1D2                           (abs)        000F38
_TXB1D3                           (abs)        000F39
_TXB1D4                           (abs)        000F3A
_TXB1D5                           (abs)        000F3B
_TXB1D6                           (abs)        000F3C
_TXB1D7                           (abs)        000F3D
_TXB1DLC                          (abs)        000F35
_TXB1DLCbits                      (abs)        000F35
_TXB1EIDH                         (abs)        000F33
_TXB1EIDL                         (abs)        000F34
_TXB1SIDH                         (abs)        000F31
_TXB1SIDL                         (abs)        000F32
_TXB1SIDLbits                     (abs)        000F32
_TXB2CONbits                      (abs)        000F20
_TXB2D0                           (abs)        000F26
_TXB2D1                           (abs)        000F27
_TXB2D2                           (abs)        000F28
_TXB2D3                           (abs)        000F29
_TXB2D4                           (abs)        000F2A
_TXB2D5                           (abs)        000F2B
_TXB2D6                           (abs)        000F2C
_TXB2D7                           (abs)        000F2D
_TXB2DLC                          (abs)        000F25
_TXB2DLCbits                      (abs)        000F25
_TXB2EIDH                         (abs)        000F23
_TXB2EIDL                         (abs)        000F24
_TXB2SIDH                         (abs)        000F21
_TXB2SIDL                         (abs)        000F22
_TXB2SIDLbits                     (abs)        000F22
_TXERRCNT                         (abs)        000F76
_WriteTimer0                      text33       00397C
__CFG_BBSIZ$1024                  (abs)        000000
__CFG_BOREN$BOHW                  (abs)        000000
__CFG_BORV$3                      (abs)        000000
__CFG_CP0$OFF                     (abs)        000000
__CFG_CP1$OFF                     (abs)        000000
__CFG_CPB$OFF                     (abs)        000000
__CFG_CPD$OFF                     (abs)        000000
__CFG_EBTR0$OFF                   (abs)        000000
__CFG_EBTR1$OFF                   (abs)        000000
__CFG_EBTRB$OFF                   (abs)        000000
__CFG_FCMEN$OFF                   (abs)        000000
__CFG_IESO$OFF                    (abs)        000000
__CFG_LPT1OSC$OFF                 (abs)        000000
__CFG_LVP$OFF                     (abs)        000000
__CFG_MCLRE$ON                    (abs)        000000
__CFG_OSC$HS                      (abs)        000000
__CFG_PBADEN$ON                   (abs)        000000
__CFG_PWRT$OFF                    (abs)        000000
__CFG_STVREN$ON                   (abs)        000000
__CFG_WDT$OFF                     (abs)        000000
__CFG_WDTPS$32768                 (abs)        000000
__CFG_WRT0$OFF                    (abs)        000000
__CFG_WRT1$OFF                    (abs)        000000
__CFG_WRTB$OFF                    (abs)        000000
__CFG_WRTC$OFF                    (abs)        000000
__CFG_WRTD$OFF                    (abs)        000000
__CFG_XINST$OFF                   (abs)        000000
__HRAM                            (abs)        000000
__Habs1                           abs1         000000
__Hbank0                          bank0        000000
__Hbank1                          bank1        000000
__Hbank2                          bank2        000000
__Hbigbss                         bigbss       000000
__Hbigdata                        bigdata      000000
__Hbigram                         bigram       000000
__HbitbssCOMRAM                   bitbssCOMRAM 000000
__Hbss                            bss          000000
__HbssBANK0                       bssBANK0     000000
__HbssCOMRAM                      bssCOMRAM    000000
__Hcinit                          cinit        000000
__Hclrtext                        clrtext      000000
__Hcomram                         comram       000000
__Hconfig                         config       30000E
__Hconst                          const        000000
__HcstackBANK0                    cstackBANK0  000000
__HcstackBANK1                    cstackBANK1  000000
__HcstackCOMRAM                   cstackCOMRAM 000000
__Hdata                           data         000000
__HdataBANK0                      dataBANK0    000000
__HdataCOMRAM                     dataCOMRAM   000000
__Heeprom_data                    eeprom_data  000000
__Hend_init                       end_init     00016A
__Hfarbss                         farbss       000000
__Hfardata                        fardata      000000
__Hibigdata                       ibigdata     000000
__Hidata                          idata        000000
__HidataBANK0                     idataBANK0   000000
__HidataCOMRAM                    idataCOMRAM  000000
__Hidloc                          idloc        200008
__Hifardata                       ifardata     000000
__Hinit                           init         000166
__Hintcode                        intcode      000016
__Hintcode_body                   intcode_body 000000
__Hintcodelo                      intcodelo    000166
__Hintentry                       intentry     000000
__Hintret                         intret       000000
__Hintsave_regs                   intsave_regs 000000
__Hirdata                         irdata       000000
__Hmediumconst                    mediumconst  000000
__HnvBANK0                        nvBANK0      000000
__HnvFARRAM                       nvFARRAM     000000
__Hnvbit                          nvbit        000000
__Hnvrram                         nvrram       000000
__Hparam                          param0       000000
__Hparam0                         param0       000000
__Hpowerup                        powerup      000166
__Hram                            ram          000000
__Hramtop                         ramtop       000300
__Hrbit                           rbit         000000
__Hrbss                           rbss         000000
__Hrdata                          rdata        000000
__Hreset_vec                      reset_vec    000004
__Hsfr                            sfr          000000
__Hsmallconst                     smallconst   000000
__Hspace_0                        (abs)        30000E
__Hspace_1                        (abs)        000221
__Hspace_2                        (abs)        000000
__Hstack                          stack        000000
__Hstruct                         struct       000000
__Htemp                           temp         000046
__Htext                           text         000000
__Htext0                          text0        000000
__Htext1                          text1        000000
__Htext10                         text10       000000
__Htext11                         text11       000000
__Htext12                         text12       000000
__Htext13                         text13       000000
__Htext14                         text14       000000
__Htext15                         text15       000000
__Htext16                         text16       000000
__Htext17                         text17       000000
__Htext18                         text18       000000
__Htext19                         text19       000000
__Htext2                          text2        000000
__Htext20                         text20       000000
__Htext21                         text21       000000
__Htext22                         text22       000000
__Htext23                         text23       000000
__Htext24                         text24       000000
__Htext25                         text25       000000
__Htext26                         text26       000000
__Htext27                         text27       000000
__Htext28                         text28       000000
__Htext3                          text3        000000
__Htext30                         text30       000000
__Htext31                         text31       000000
__Htext33                         text33       000000
__Htext4                          text4        000000
__Htext5                          text5        000000
__Htext6                          text6        000000
__Htext7                          text7        000000
__Htext8                          text8        000000
__Htext9                          text9        000000
__LRAM                            (abs)        000001
__Labs1                           abs1         000000
__Lbank0                          bank0        000000
__Lbank1                          bank1        000000
__Lbank2                          bank2        000000
__Lbigbss                         bigbss       000000
__Lbigdata                        bigdata      000000
__Lbigram                         bigram       000000
__LbitbssCOMRAM                   bitbssCOMRAM 000000
__Lbss                            bss          000000
__LbssBANK0                       bssBANK0     000000
__LbssCOMRAM                      bssCOMRAM    000000
__Lcinit                          cinit        000000
__Lclrtext                        clrtext      000000
__Lcomram                         comram       000000
__Lconfig                         config       300000
__Lconst                          const        000000
__LcstackBANK0                    cstackBANK0  000000
__LcstackBANK1                    cstackBANK1  000000
__LcstackCOMRAM                   cstackCOMRAM 000000
__Ldata                           data         000000
__LdataBANK0                      dataBANK0    000000
__LdataCOMRAM                     dataCOMRAM   000000
__Leeprom_data                    eeprom_data  000000
__Lend_init                       end_init     000166
__Lfarbss                         farbss       000000
__Lfardata                        fardata      000000
__Libigdata                       ibigdata     000000
__Lidata                          idata        000000
__LidataBANK0                     idataBANK0   000000
__LidataCOMRAM                    idataCOMRAM  000000
__Lidloc                          idloc        200000
__Lifardata                       ifardata     000000
__Linit                           init         000166
__Lintcode                        intcode      000008
__Lintcode_body                   intcode_body 000000
__Lintcodelo                      intcodelo    000018
__Lintentry                       intentry     000000
__Lintret                         intret       000000
__Lintsave_regs                   intsave_regs 000000
__Lirdata                         irdata       000000
__Lmediumconst                    mediumconst  000000
__LnvBANK0                        nvBANK0      000000
__LnvFARRAM                       nvFARRAM     000000
__Lnvbit                          nvbit        000000
__Lnvrram                         nvrram       000000
__Lparam                          param0       000000
__Lparam0                         param0       000000
__Lpowerup                        powerup      000166
__Lram                            ram          000000
__Lramtop                         ramtop       000300
__Lrbit                           rbit         000000
__Lrbss                           rbss         000000
__Lrdata                          rdata        000000
__Lreset_vec                      reset_vec    000000
__Lsfr                            sfr          000000
__Lsmallconst                     smallconst   000000
__Lspace_0                        (abs)        000000
__Lspace_1                        (abs)        000000
__Lspace_2                        (abs)        000000
__Lstack                          stack        000000
__Lstruct                         struct       000000
__Ltemp                           temp         000045
__Ltext                           text         000000
__Ltext0                          text0        000000
__Ltext1                          text1        000000
__Ltext10                         text10       000000
__Ltext11                         text11       000000
__Ltext12                         text12       000000
__Ltext13                         text13       000000
__Ltext14                         text14       000000
__Ltext15                         text15       000000
__Ltext16                         text16       000000
__Ltext17                         text17       000000
__Ltext18                         text18       000000
__Ltext19                         text19       000000
__Ltext2                          text2        000000
__Ltext20                         text20       000000
__Ltext21                         text21       000000
__Ltext22                         text22       000000
__Ltext23                         text23       000000
__Ltext24                         text24       000000
__Ltext25                         text25       000000
__Ltext26                         text26       000000
__Ltext27                         text27       000000
__Ltext28                         text28       000000
__Ltext3                          text3        000000
__Ltext30                         text30       000000
__Ltext31                         text31       000000
__Ltext33                         text33       000000
__Ltext4                          text4        000000
__Ltext5                          text5        000000
__Ltext6                          text6        000000
__Ltext7                          text7        000000
__Ltext8                          text8        000000
__Ltext9                          text9        000000
__S0                              (abs)        30000E
__S1                              (abs)        000124
__S2                              (abs)        000000
___awdiv                          text26       0033C6
___awdiv@counter                  cstackBANK0  000077
___awdiv@dividend                 cstackBANK0  000073
___awdiv@divisor                  cstackBANK0  000075
___awdiv@quotient                 cstackBANK0  000079
___awdiv@sign                     cstackBANK0  000078
___fladd                          text25       001908
___fladd@a                        cstackBANK1  000104
___fladd@aexp                     cstackBANK1  000111
___fladd@b                        cstackBANK1  000100
___fladd@bexp                     cstackBANK1  000112
___fladd@grs                      cstackBANK1  000113
___fladd@signs                    cstackBANK1  000110
___fldiv                          text24       0026E2
___fldiv@a                        cstackBANK0  00009E
___fldiv@aexp                     cstackBANK0  0000B2
___fldiv@b                        cstackBANK0  00009A
___fldiv@bexp                     cstackBANK0  0000B1
___fldiv@grs                      cstackBANK0  0000AD
___fldiv@new_exp                  cstackBANK0  0000AB
___fldiv@rem                      cstackBANK0  0000A7
___fldiv@sign                     cstackBANK0  0000A6
___flmul                          text23       001DB0
___flmul@a                        cstackBANK0  00009E
___flmul@aexp                     cstackBANK0  0000AB
___flmul@b                        cstackBANK0  00009A
___flmul@bexp                     cstackBANK0  0000AC
___flmul@grs                      cstackBANK0  0000A7
___flmul@prod                     cstackBANK0  0000AD
___flmul@sign                     cstackBANK0  0000A6
___flmul@temp                     cstackBANK0  0000B1
___flneg                          text22       003880
___flneg@f1                       cstackBANK0  0000B3
___fltol                          text21       0031D4
___fltol@exp1                     cstackBANK0  0000B8
___fltol@f1                       cstackBANK1  000114
___fltol@sign1                    cstackBANK0  0000B7
___inthi_sp                       stack        000000
___intlo_sp                       stack        000000
___lldiv                          text20       003484
___lldiv@counter                  cstackBANK0  00008B
___lldiv@dividend                 cstackBANK0  00007F
___lldiv@divisor                  cstackBANK0  000083
___lldiv@quotient                 cstackBANK0  000087
___lmul                           text19       0036E6
___lmul@multiplicand              cstackBANK0  000077
___lmul@multiplier                cstackBANK0  000073
___lmul@product                   cstackBANK0  00007B
___lwdiv                          text13       00366E
___lwdiv@counter                  cstackBANK0  000079
___lwdiv@dividend                 cstackBANK0  000073
___lwdiv@divisor                  cstackBANK0  000075
___lwdiv@quotient                 cstackBANK0  000077
___param_bank                     (abs)        000000
___rparam_used                    (abs)        000000
___sp                             stack        000000
___wmul                           text6        0038B8
___wmul@multiplicand              cstackBANK0  00007D
___wmul@multiplier                cstackBANK0  00007B
___wmul@product                   cstackBANK0  00007F
___xxtofl                         text18       002E40
___xxtofl@arg                     cstackBANK0  000096
___xxtofl@exp                     cstackBANK0  000095
___xxtofl@sign                    cstackBANK0  000094
___xxtofl@val                     cstackBANK0  00008C
__accesstop                       (abs)        000060
__activetblptr                    (abs)        000002
__end_of_BusyADC                  text16       00399A
__end_of_CANInitialize            text8        0031D4
__end_of_CANOperationMode         text11       003954
__end_of_CANSetFilter             text10       000C70
__end_of_CANSetMask               text9        002E40
__end_of_CANisRXwarningON         text28       0039B2
__end_of_CANisRxReady             text31       00396A
__end_of_CANisTXwarningON         text27       0039A6
__end_of_CANisTxReady             text3        00393E
__end_of_CANreceiveMessage        text30       001908
__end_of_CANsendMessage           text2        0013FC
__end_of_ConvertADC               text15       0039BA
__end_of_ISR_alta                 intcode_body 0035F2
__end_of_ISR_bassa                intcodelo    000166
__end_of_OpenADC                  text7        00366E
__end_of_ReadADC                  text14       00397C
__end_of_WriteTimer0              text33       00398E
__end_of___awdiv                  text26       003484
__end_of___fladd                  text25       001DB0
__end_of___fldiv                  text24       002AA2
__end_of___flmul                  text23       002256
__end_of___flneg                  text22       0038B8
__end_of___fltol                  text21       0032E0
__end_of___lldiv                  text20       003540
__end_of___lmul                   text19       00375C
__end_of___lwdiv                  text13       0036E6
__end_of___wmul                   text6        0038EE
__end_of___xxtofl                 text18       00300E
__end_of__initialization          cinit        0037B4
__end_of_abs                      text17       00391A
__end_of_calibrazione             text12       003808
__end_of_configurazione_iniziale  text4        0033C6
__end_of_delay_ms                 text5        003880
__end_of_main                     text0        0026E2
__end_of_send_data                text1        003846
__initialization                  cinit        00375C
__mediumconst                     mediumconst  000000
__pbitbssCOMRAM                   bitbssCOMRAM 000220
__pbssBANK0                       bssBANK0     0000B9
__pbssCOMRAM                      bssCOMRAM    000001
__pcinit                          cinit        00375C
__pcstackBANK0                    cstackBANK0  000060
__pcstackBANK1                    cstackBANK1  000100
__pcstackCOMRAM                   cstackCOMRAM 000021
__pdataBANK0                      dataBANK0    0000E7
__pdataCOMRAM                     dataCOMRAM   000040
__pidataBANK0                     idataBANK0   0039BA
__pidataCOMRAM                    idataCOMRAM  0039B2
__pintcode                        intcode      000008
__pintcode_body                   intcode_body 003540
__pintcodelo                      intcodelo    000018
__pnvBANK0                        nvBANK0      0000EA
__ptext0                          text0        002256
__ptext1                          text1        003808
__ptext10                         text10       00016A
__ptext11                         text11       00393E
__ptext12                         text12       0037C2
__ptext13                         text13       00366E
__ptext14                         text14       00396A
__ptext15                         text15       0039B6
__ptext16                         text16       00398E
__ptext17                         text17       0038EE
__ptext18                         text18       002E40
__ptext19                         text19       0036E6
__ptext2                          text2        000C70
__ptext20                         text20       003484
__ptext21                         text21       0031D4
__ptext22                         text22       003880
__ptext23                         text23       001DB0
__ptext24                         text24       0026E2
__ptext25                         text25       001908
__ptext26                         text26       0033C6
__ptext27                         text27       00399A
__ptext28                         text28       0039A6
__ptext3                          text3        00391A
__ptext30                         text30       0013FC
__ptext31                         text31       003954
__ptext33                         text33       00397C
__ptext4                          text4        0032E0
__ptext5                          text5        003846
__ptext6                          text6        0038B8
__ptext7                          text7        0035F2
__ptext8                          text8        00300E
__ptext9                          text9        002AA2
__ramtop                          ramtop       000300
__size_of_BusyADC                 (abs)        000000
__size_of_CANInitialize           (abs)        000000
__size_of_CANOperationMode        (abs)        000000
__size_of_CANSetFilter            (abs)        000000
__size_of_CANSetMask              (abs)        000000
__size_of_CANisRXwarningON        (abs)        000000
__size_of_CANisRxReady            (abs)        000000
__size_of_CANisTXwarningON        (abs)        000000
__size_of_CANisTxReady            (abs)        000000
__size_of_CANreceiveMessage       (abs)        000000
__size_of_CANsendMessage          (abs)        000000
__size_of_ConvertADC              (abs)        000000
__size_of_ISR_alta                (abs)        000000
__size_of_ISR_bassa               (abs)        000000
__size_of_OpenADC                 (abs)        000000
__size_of_ReadADC                 (abs)        000000
__size_of_WriteTimer0             (abs)        000000
__size_of___awdiv                 (abs)        000000
__size_of___fladd                 (abs)        000000
__size_of___fldiv                 (abs)        000000
__size_of___flmul                 (abs)        000000
__size_of___flneg                 (abs)        000000
__size_of___fltol                 (abs)        000000
__size_of___lldiv                 (abs)        000000
__size_of___lmul                  (abs)        000000
__size_of___lwdiv                 (abs)        000000
__size_of___wmul                  (abs)        000000
__size_of___xxtofl                (abs)        000000
__size_of_abs                     (abs)        000000
__size_of_calibrazione            (abs)        000000
__size_of_configurazione_iniziale (abs)        000000
__size_of_delay_ms                (abs)        000000
__size_of_main                    (abs)        000000
__size_of_send_data               (abs)        000000
__smallconst                      smallconst   000000
_abs                              text17       0038EE
_calibration                      bssCOMRAM    000009
_calibrazione                     text12       0037C2
_clock_counter_reference          nvBANK0      0000EA
_configurazione_iniziale          text4        0032E0
_correzione                       bssBANK0     0000DB
_counter                          bssCOMRAM    000001
_counter_array                    bssBANK0     0000B9
_currentSteering                  dataBANK0    0000E7
_currentSteering_array            bssBANK0     0000C1
_data_array                       bssBANK0     0000DF
_delay_ms                         text5        003846
_delay_quartz_frequency_value     dataBANK0    0000E8
_duty_cycle                       bssBANK0     0000C9
_errore                           bssBANK0     0000DD
_id                               bssBANK0     0000CD
_limiteDx                         bssCOMRAM    00000B
_limiteSx                         dataCOMRAM   000040
_main                             text0        002256
_msg                              bssCOMRAM    000012
_pastSteering                     dataBANK0    0000E9
_periodo                          bssCOMRAM    00000D
_potenza                          dataCOMRAM   000042
_previousTimeCounter              bssBANK0     0000D1
_remote_frame                     bitbssCOMRAM 000220
_send_data                        text1        003808
_theorySteering                   bssCOMRAM    000011
_timeCounter                      bssCOMRAM    000005
_timer                            bssBANK0     0000D5
_timer1                           bssCOMRAM    00000F
abs@a                             cstackBANK0  000073
btemp                             temp         000045
delay_ms@value_ms                 cstackBANK0  000081
end_of_initialization             cinit        0037B4
int$flags                         temp         000045
int_func                          intcode_body 003540
intlevel0                         text         000000
intlevel1                         text         000000
intlevel2                         text         000000
intlevel3                         text         000000
stackhi                           (abs)        0002FF
stacklo                           (abs)        000124
start                             init         000166
start_initialization              cinit        00375C


FUNCTION INFORMATION:

 *************** function _main *****************
 Defined at:
		line 110 in file "newmain.c"
 Parameters:    Size  Location     Type
		None
 Auto vars:     Size  Location     Type
		None
 Return value:  Size  Location     Type
                  2  653[None  ] int 
 Registers used:
		wreg, fsr2l, fsr2h, status,2, status,0, prodl, prodh, cstack
 Tracked objects:
		On entry : 
		On exit  : 
		Unchanged: 
 Data sizes:     COMRAM   BANK0   BANK1   BANK2
      Params:         0       0       0       0
      Locals:         0       0       0       0
      Temps:          0       0       8       0
      Totals:         0       0       8       0
Total ram usage:        8 bytes
 Hardware stack levels required when called:    7
 This function calls:
		_CANisRXwarningON
		_CANisTXwarningON
		___awdiv
		___fladd
		___fldiv
		___flmul
		___flneg
		___fltol
		___lldiv
		___lmul
		___wmul
		___xxtofl
		_abs
		_calibrazione
		_configurazione_iniziale
		_delay_ms
		_send_data
 This function is called by:
		Startup code after reset
 This function uses a non-reentrant model


 *************** function _send_data *****************
 Defined at:
		line 158 in file "newmain.c"
 Parameters:    Size  Location     Type
		None
 Auto vars:     Size  Location     Type
		None
 Return value:  Size  Location     Type
		None               void
 Registers used:
		wreg, fsr2l, fsr2h, status,2, status,0, cstack
 Tracked objects:
		On entry : 
		On exit  : 
		Unchanged: 
 Data sizes:     COMRAM   BANK0   BANK1   BANK2
      Params:         0       0       0       0
      Locals:         0       0       0       0
      Temps:          0       0       0       0
      Totals:         0       0       0       0
Total ram usage:        0 bytes
 Hardware stack levels used:    1
 Hardware stack levels required when called:    5
 This function calls:
		_CANisTxReady
		_CANsendMessage
 This function is called by:
		_main
 This function uses a non-reentrant model


 *************** function _CANsendMessage *****************
 Defined at:
		line 294 in file "K:/Tesina/LaurTec_PIC_libraries_v_3.3.0/inc\CANlib.h"
 Parameters:    Size  Location     Type
  identifier      4   19[BANK0 ] unsigned long 
  data            2   23[BANK0 ] PTR unsigned char 
		 -> data_array(8), 
  dataLength      1   25[BANK0 ] unsigned char 
  flags           1   26[BANK0 ] enum E16866
 Auto vars:     Size  Location     Type
  tamp            4   31[BANK0 ] unsigned long 
 Return value:  Size  Location     Type
		None               void
 Registers used:
		wreg, fsr2l, fsr2h, status,2, status,0
 Tracked objects:
		On entry : 
		On exit  : 
		Unchanged: 
 Data sizes:     COMRAM   BANK0   BANK1   BANK2
      Params:         0       8       0       0
      Locals:         0       4       0       0
      Temps:          0       4       0       0
      Totals:         0      16       0       0
Total ram usage:       16 bytes
 Hardware stack levels used:    1
 Hardware stack levels required when called:    4
 This function calls:
		Nothing
 This function is called by:
		_send_data
 This function uses a non-reentrant model


 *************** function _CANisTxReady *****************
 Defined at:
		line 1154 in file "K:/Tesina/LaurTec_PIC_libraries_v_3.3.0/inc\CANlib.h"
 Parameters:    Size  Location     Type
		None
 Auto vars:     Size  Location     Type
		None
 Return value:  Size  Location     Type
                  1    wreg      unsigned char 
 Registers used:
		wreg, status,2
 Tracked objects:
		On entry : 
		On exit  : 
		Unchanged: 
 Data sizes:     COMRAM   BANK0   BANK1   BANK2
      Params:         0       0       0       0
      Locals:         0       1       0       0
      Temps:          0       0       0       0
      Totals:         0       1       0       0
Total ram usage:        1 bytes
 Hardware stack levels used:    1
 Hardware stack levels required when called:    4
 This function calls:
		Nothing
 This function is called by:
		_send_data
 This function uses a non-reentrant model


 *************** function _configurazione_iniziale *****************
 Defined at:
		line 180 in file "newmain.c"
 Parameters:    Size  Location     Type
		None
 Auto vars:     Size  Location     Type
		None
 Return value:  Size  Location     Type
		None               void
 Registers used:
		wreg, status,2, status,0, prodl, prodh, cstack
 Tracked objects:
		On entry : 
		On exit  : 
		Unchanged: 
 Data sizes:     COMRAM   BANK0   BANK1   BANK2
      Params:         0       0       0       0
      Locals:         0       0       0       0
      Temps:          0       0       0       0
      Totals:         0       0       0       0
Total ram usage:        0 bytes
 Hardware stack levels used:    1
 Hardware stack levels required when called:    6
 This function calls:
		_CANInitialize
		_OpenADC
		_delay_ms
 This function is called by:
		_main
 This function uses a non-reentrant model


 *************** function _delay_ms *****************
 Defined at:
		line 61 in file "K:/Tesina/LaurTec_PIC_libraries_v_3.3.0/src\delay.c"
 Parameters:    Size  Location     Type
  value_ms        2   33[BANK0 ] unsigned int 
 Auto vars:     Size  Location     Type
		None
 Return value:  Size  Location     Type
		None               void
 Registers used:
		wreg, status,2, status,0, prodl, prodh, cstack
 Tracked objects:
		On entry : 
		On exit  : 
		Unchanged: 
 Data sizes:     COMRAM   BANK0   BANK1   BANK2
      Params:         0       2       0       0
      Locals:         0       0       0       0
      Temps:          0       0       0       0
      Totals:         0       2       0       0
Total ram usage:        2 bytes
 Hardware stack levels used:    1
 Hardware stack levels required when called:    5
 This function calls:
		___wmul
 This function is called by:
		_main
		_configurazione_iniziale
		_delay_s
 This function uses a non-reentrant model


 *************** function ___wmul *****************
 Defined at:
		line 15 in file "C:\Program Files (x86)\Microchip\xc8\v1.35\sources\common\Umul16.c"
 Parameters:    Size  Location     Type
  multiplier      2   27[BANK0 ] unsigned int 
  multiplicand    2   29[BANK0 ] unsigned int 
 Auto vars:     Size  Location     Type
  product         2   31[BANK0 ] unsigned int 
 Return value:  Size  Location     Type
                  2   27[BANK0 ] unsigned int 
 Registers used:
		wreg, status,2, status,0, prodl, prodh
 Tracked objects:
		On entry : 
		On exit  : 
		Unchanged: 
 Data sizes:     COMRAM   BANK0   BANK1   BANK2
      Params:         0       4       0       0
      Locals:         0       2       0       0
      Temps:          0       0       0       0
      Totals:         0       6       0       0
Total ram usage:        6 bytes
 Hardware stack levels used:    1
 Hardware stack levels required when called:    4
 This function calls:
		Nothing
 This function is called by:
		_delay_ms
		_main
 This function uses a non-reentrant model


 *************** function _OpenADC *****************
 Defined at:
		line 68 in file "C:\Program Files (x86)\Microchip\xc8\v1.35\sources\pic18\plib\ADC\adcopen.c"
 Parameters:    Size  Location     Type
  config          1    wreg     unsigned char 
  config2         1   19[BANK0 ] unsigned char 
  portconfig      1   20[BANK0 ] unsigned char 
 Auto vars:     Size  Location     Type
  config          1   23[BANK0 ] unsigned char 
 Return value:  Size  Location     Type
		None               void
 Registers used:
		wreg, status,2, status,0
 Tracked objects:
		On entry : 
		On exit  : 
		Unchanged: 
 Data sizes:     COMRAM   BANK0   BANK1   BANK2
      Params:         0       2       0       0
      Locals:         0       1       0       0
      Temps:          0       2       0       0
      Totals:         0       5       0       0
Total ram usage:        5 bytes
 Hardware stack levels used:    1
 Hardware stack levels required when called:    4
 This function calls:
		Nothing
 This function is called by:
		_configurazione_iniziale
 This function uses a non-reentrant model


 *************** function _CANInitialize *****************
 Defined at:
		line 218 in file "K:/Tesina/LaurTec_PIC_libraries_v_3.3.0/inc\CANlib.h"
 Parameters:    Size  Location     Type
  propSeg         1    wreg     unsigned char 
  phaseSeg1       1   33[BANK0 ] unsigned char 
  phaseSeg2       1   34[BANK0 ] unsigned char 
  SJW             1   35[BANK0 ] unsigned char 
  BRP             1   36[BANK0 ] unsigned char 
  flags           1   37[BANK0 ] enum E16844
 Auto vars:     Size  Location     Type
  propSeg         1   42[BANK0 ] unsigned char 
  FilterConfig    1   44[BANK0 ] unsigned char 
  FilterConfig    1   43[BANK0 ] unsigned char 
 Return value:  Size  Location     Type
		None               void
 Registers used:
		wreg, status,2, status,0, cstack
 Tracked objects:
		On entry : 
		On exit  : 
		Unchanged: 
 Data sizes:     COMRAM   BANK0   BANK1   BANK2
      Params:         0       5       0       0
      Locals:         0       3       0       0
      Temps:          0       4       0       0
      Totals:         0      12       0       0
Total ram usage:       12 bytes
 Hardware stack levels used:    1
 Hardware stack levels required when called:    5
 This function calls:
		_CANOperationMode
		_CANSetFilter
		_CANSetMask
 This function is called by:
		_configurazione_iniziale
 This function uses a non-reentrant model


 *************** function _CANSetMask *****************
 Defined at:
		line 640 in file "K:/Tesina/LaurTec_PIC_libraries_v_3.3.0/inc\CANlib.h"
 Parameters:    Size  Location     Type
  numBuffer       1    wreg     enum E16878
  mask            4   19[BANK0 ] unsigned long 
  type            1   23[BANK0 ] enum E16844
 Auto vars:     Size  Location     Type
  numBuffer       1   28[BANK0 ] enum E16878
  tamp            4   29[BANK0 ] unsigned long 
 Return value:  Size  Location     Type
		None               void
 Registers used:
		wreg, status,2, status,0
 Tracked objects:
		On entry : 
		On exit  : 
		Unchanged: 
 Data sizes:     COMRAM   BANK0   BANK1   BANK2
      Params:         0       5       0       0
      Locals:         0       5       0       0
      Temps:          0       4       0       0
      Totals:         0      14       0       0
Total ram usage:       14 bytes
 Hardware stack levels used:    1
 Hardware stack levels required when called:    4
 This function calls:
		Nothing
 This function is called by:
		_CANInitialize
 This function uses a non-reentrant model


 *************** function _CANSetFilter *****************
 Defined at:
		line 748 in file "K:/Tesina/LaurTec_PIC_libraries_v_3.3.0/inc\CANlib.h"
 Parameters:    Size  Location     Type
  numBuffer       1    wreg     enum E16881
  filter          4   19[BANK0 ] unsigned long 
  type            1   23[BANK0 ] enum E16844
 Auto vars:     Size  Location     Type
  numBuffer       1   28[BANK0 ] enum E16881
  tamp            4   29[BANK0 ] unsigned long 
 Return value:  Size  Location     Type
		None               void
 Registers used:
		wreg, status,2, status,0
 Tracked objects:
		On entry : 
		On exit  : 
		Unchanged: 
 Data sizes:     COMRAM   BANK0   BANK1   BANK2
      Params:         0       5       0       0
      Locals:         0       5       0       0
      Temps:          0       4       0       0
      Totals:         0      14       0       0
Total ram usage:       14 bytes
 Hardware stack levels used:    1
 Hardware stack levels required when called:    4
 This function calls:
		Nothing
 This function is called by:
		_CANInitialize
 This function uses a non-reentrant model


 *************** function _CANOperationMode *****************
 Defined at:
		line 206 in file "K:/Tesina/LaurTec_PIC_libraries_v_3.3.0/inc\CANlib.h"
 Parameters:    Size  Location     Type
  mode            1    wreg     enum E16838
 Auto vars:     Size  Location     Type
  mode            1   19[BANK0 ] enum E16838
 Return value:  Size  Location     Type
		None               void
 Registers used:
		wreg, status,2, status,0
 Tracked objects:
		On entry : 
		On exit  : 
		Unchanged: 
 Data sizes:     COMRAM   BANK0   BANK1   BANK2
      Params:         0       0       0       0
      Locals:         0       1       0       0
      Temps:          0       0       0       0
      Totals:         0       1       0       0
Total ram usage:        1 bytes
 Hardware stack levels used:    1
 Hardware stack levels required when called:    4
 This function calls:
		Nothing
 This function is called by:
		_CANInitialize
 This function uses a non-reentrant model


 *************** function _calibrazione *****************
 Defined at:
		line 173 in file "newmain.c"
 Parameters:    Size  Location     Type
		None
 Auto vars:     Size  Location     Type
		None
 Return value:  Size  Location     Type
		None               void
 Registers used:
		wreg, status,2, status,0, cstack
 Tracked objects:
		On entry : 
		On exit  : 
		Unchanged: 
 Data sizes:     COMRAM   BANK0   BANK1   BANK2
      Params:         0       0       0       0
      Locals:         0       0       0       0
      Temps:          0       0       0       0
      Totals:         0       0       0       0
Total ram usage:        0 bytes
 Hardware stack levels used:    1
 Hardware stack levels required when called:    5
 This function calls:
		_BusyADC
		_ConvertADC
		_ReadADC
		___lwdiv
 This function is called by:
		_main
 This function uses a non-reentrant model


 *************** function ___lwdiv *****************
 Defined at:
		line 8 in file "C:\Program Files (x86)\Microchip\xc8\v1.35\sources\common\lwdiv.c"
 Parameters:    Size  Location     Type
  dividend        2   19[BANK0 ] unsigned int 
  divisor         2   21[BANK0 ] unsigned int 
 Auto vars:     Size  Location     Type
  quotient        2   23[BANK0 ] unsigned int 
  counter         1   25[BANK0 ] unsigned char 
 Return value:  Size  Location     Type
                  2   19[BANK0 ] unsigned int 
 Registers used:
		wreg, status,2, status,0
 Tracked objects:
		On entry : 
		On exit  : 
		Unchanged: 
 Data sizes:     COMRAM   BANK0   BANK1   BANK2
      Params:         0       4       0       0
      Locals:         0       3       0       0
      Temps:          0       0       0       0
      Totals:         0       7       0       0
Total ram usage:        7 bytes
 Hardware stack levels used:    1
 Hardware stack levels required when called:    4
 This function calls:
		Nothing
 This function is called by:
		_calibrazione
 This function uses a non-reentrant model


 *************** function _ReadADC *****************
 Defined at:
		line 24 in file "C:\Program Files (x86)\Microchip\xc8\v1.35\sources\pic18\plib\ADC\adcread.c"
 Parameters:    Size  Location     Type
		None
 Auto vars:     Size  Location     Type
		None
 Return value:  Size  Location     Type
                  2   19[BANK0 ] int 
 Registers used:
		wreg, status,2
 Tracked objects:
		On entry : 
		On exit  : 
		Unchanged: 
 Data sizes:     COMRAM   BANK0   BANK1   BANK2
      Params:         0       2       0       0
      Locals:         0       0       0       0
      Temps:          0       2       0       0
      Totals:         0       4       0       0
Total ram usage:        4 bytes
 Hardware stack levels used:    1
 Hardware stack levels required when called:    4
 This function calls:
		Nothing
 This function is called by:
		_calibrazione
 This function uses a non-reentrant model


 *************** function _ConvertADC *****************
 Defined at:
		line 22 in file "C:\Program Files (x86)\Microchip\xc8\v1.35\sources\pic18\plib\ADC\adcconv.c"
 Parameters:    Size  Location     Type
		None
 Auto vars:     Size  Location     Type
		None
 Return value:  Size  Location     Type
		None               void
 Registers used:
		None
 Tracked objects:
		On entry : 
		On exit  : 
		Unchanged: 
 Data sizes:     COMRAM   BANK0   BANK1   BANK2
      Params:         0       0       0       0
      Locals:         0       0       0       0
      Temps:          0       0       0       0
      Totals:         0       0       0       0
Total ram usage:        0 bytes
 Hardware stack levels used:    1
 Hardware stack levels required when called:    4
 This function calls:
		Nothing
 This function is called by:
		_calibrazione
 This function uses a non-reentrant model


 *************** function _BusyADC *****************
 Defined at:
		line 26 in file "C:\Program Files (x86)\Microchip\xc8\v1.35\sources\pic18\plib\ADC\adcbusy.c"
 Parameters:    Size  Location     Type
		None
 Auto vars:     Size  Location     Type
		None
 Return value:  Size  Location     Type
                  1    wreg      unsigned char 
 Registers used:
		wreg
 Tracked objects:
		On entry : 
		On exit  : 
		Unchanged: 
 Data sizes:     COMRAM   BANK0   BANK1   BANK2
      Params:         0       0       0       0
      Locals:         0       0       0       0
      Temps:          0       0       0       0
      Totals:         0       0       0       0
Total ram usage:        0 bytes
 Hardware stack levels used:    1
 Hardware stack levels required when called:    4
 This function calls:
		Nothing
 This function is called by:
		_calibrazione
 This function uses a non-reentrant model


 *************** function _abs *****************
 Defined at:
		line 4 in file "C:\Program Files (x86)\Microchip\xc8\v1.35\sources\common\abs.c"
 Parameters:    Size  Location     Type
  a               2   19[BANK0 ] int 
 Auto vars:     Size  Location     Type
		None
 Return value:  Size  Location     Type
                  2   19[BANK0 ] int 
 Registers used:
		wreg, status,2, status,0
 Tracked objects:
		On entry : 
		On exit  : 
		Unchanged: 
 Data sizes:     COMRAM   BANK0   BANK1   BANK2
      Params:         0       2       0       0
      Locals:         0       0       0       0
      Temps:          0       2       0       0
      Totals:         0       4       0       0
Total ram usage:        4 bytes
 Hardware stack levels used:    1
 Hardware stack levels required when called:    4
 This function calls:
		Nothing
 This function is called by:
		_main
 This function uses a non-reentrant model


 *************** function ___xxtofl *****************
 Defined at:
		line 10 in file "C:\Program Files (x86)\Microchip\xc8\v1.35\sources\common\xxtofl.c"
 Parameters:    Size  Location     Type
  sign            1    wreg     unsigned char 
  val             4   44[BANK0 ] long 
 Auto vars:     Size  Location     Type
  sign            1   52[BANK0 ] unsigned char 
  arg             4   54[BANK0 ] unsigned long 
  exp             1   53[BANK0 ] unsigned char 
 Return value:  Size  Location     Type
                  4   44[BANK0 ] unsigned char 
 Registers used:
		wreg, status,2, status,0
 Tracked objects:
		On entry : 
		On exit  : 
		Unchanged: 
 Data sizes:     COMRAM   BANK0   BANK1   BANK2
      Params:         0       4       0       0
      Locals:         0       6       0       0
      Temps:          0       4       0       0
      Totals:         0      14       0       0
Total ram usage:       14 bytes
 Hardware stack levels used:    1
 Hardware stack levels required when called:    4
 This function calls:
		Nothing
 This function is called by:
		_main
 This function uses a non-reentrant model


 *************** function ___lmul *****************
 Defined at:
		line 15 in file "C:\Program Files (x86)\Microchip\xc8\v1.35\sources\common\Umul32.c"
 Parameters:    Size  Location     Type
  multiplier      4   19[BANK0 ] unsigned long 
  multiplicand    4   23[BANK0 ] unsigned long 
 Auto vars:     Size  Location     Type
  product         4   27[BANK0 ] unsigned long 
 Return value:  Size  Location     Type
                  4   19[BANK0 ] unsigned long 
 Registers used:
		wreg, status,2, status,0
 Tracked objects:
		On entry : 
		On exit  : 
		Unchanged: 
 Data sizes:     COMRAM   BANK0   BANK1   BANK2
      Params:         0       8       0       0
      Locals:         0       4       0       0
      Temps:          0       0       0       0
      Totals:         0      12       0       0
Total ram usage:       12 bytes
 Hardware stack levels used:    1
 Hardware stack levels required when called:    4
 This function calls:
		Nothing
 This function is called by:
		_main
 This function uses a non-reentrant model


 *************** function ___lldiv *****************
 Defined at:
		line 8 in file "C:\Program Files (x86)\Microchip\xc8\v1.35\sources\common\lldiv.c"
 Parameters:    Size  Location     Type
  dividend        4   31[BANK0 ] unsigned long 
  divisor         4   35[BANK0 ] unsigned long 
 Auto vars:     Size  Location     Type
  quotient        4   39[BANK0 ] unsigned long 
  counter         1   43[BANK0 ] unsigned char 
 Return value:  Size  Location     Type
                  4   31[BANK0 ] unsigned long 
 Registers used:
		wreg, status,2, status,0
 Tracked objects:
		On entry : 
		On exit  : 
		Unchanged: 
 Data sizes:     COMRAM   BANK0   BANK1   BANK2
      Params:         0       8       0       0
      Locals:         0       5       0       0
      Temps:          0       0       0       0
      Totals:         0      13       0       0
Total ram usage:       13 bytes
 Hardware stack levels used:    1
 Hardware stack levels required when called:    4
 This function calls:
		Nothing
 This function is called by:
		_main
 This function uses a non-reentrant model


 *************** function ___fltol *****************
 Defined at:
		line 43 in file "C:\Program Files (x86)\Microchip\xc8\v1.35\sources\common\fltol.c"
 Parameters:    Size  Location     Type
  f1              4   20[BANK1 ] unsigned long 
 Auto vars:     Size  Location     Type
  exp1            1   88[BANK0 ] unsigned char 
  sign1           1   87[BANK0 ] unsigned char 
 Return value:  Size  Location     Type
                  4   20[BANK1 ] long 
 Registers used:
		wreg, status,2, status,0
 Tracked objects:
		On entry : 
		On exit  : 
		Unchanged: 
 Data sizes:     COMRAM   BANK0   BANK1   BANK2
      Params:         0       0       4       0
      Locals:         0       2       0       0
      Temps:          0       0       4       0
      Totals:         0       2       8       0
Total ram usage:       10 bytes
 Hardware stack levels used:    1
 Hardware stack levels required when called:    4
 This function calls:
		Nothing
 This function is called by:
		_main
 This function uses a non-reentrant model


 *************** function ___flneg *****************
 Defined at:
		line 15 in file "C:\Program Files (x86)\Microchip\xc8\v1.35\sources\common\flneg.c"
 Parameters:    Size  Location     Type
  f1              4   83[BANK0 ] long 
 Auto vars:     Size  Location     Type
		None
 Return value:  Size  Location     Type
                  4   83[BANK0 ] long 
 Registers used:
		wreg, status,2, status,0
 Tracked objects:
		On entry : 
		On exit  : 
		Unchanged: 
 Data sizes:     COMRAM   BANK0   BANK1   BANK2
      Params:         0       4       0       0
      Locals:         0       0       0       0
      Temps:          0       0       0       0
      Totals:         0       4       0       0
Total ram usage:        4 bytes
 Hardware stack levels used:    1
 Hardware stack levels required when called:    4
 This function calls:
		Nothing
 This function is called by:
		_main
 This function uses a non-reentrant model


 *************** function ___flmul *****************
 Defined at:
		line 8 in file "C:\Program Files (x86)\Microchip\xc8\v1.35\sources\common\sprcmul.c"
 Parameters:    Size  Location     Type
  b               4   58[BANK0 ] long 
  a               4   62[BANK0 ] long 
 Auto vars:     Size  Location     Type
  prod            4   77[BANK0 ] struct .
  grs             4   71[BANK0 ] unsigned long 
  temp            2   81[BANK0 ] struct .
  bexp            1   76[BANK0 ] unsigned char 
  aexp            1   75[BANK0 ] unsigned char 
  sign            1   70[BANK0 ] unsigned char 
 Return value:  Size  Location     Type
                  4   58[BANK0 ] unsigned char 
 Registers used:
		wreg, status,2, status,0, prodl, prodh
 Tracked objects:
		On entry : 
		On exit  : 
		Unchanged: 
 Data sizes:     COMRAM   BANK0   BANK1   BANK2
      Params:         0       8       0       0
      Locals:         0      13       0       0
      Temps:          0       4       0       0
      Totals:         0      25       0       0
Total ram usage:       25 bytes
 Hardware stack levels used:    1
 Hardware stack levels required when called:    4
 This function calls:
		Nothing
 This function is called by:
		_main
 This function uses a non-reentrant model


 *************** function ___fldiv *****************
 Defined at:
		line 11 in file "C:\Program Files (x86)\Microchip\xc8\v1.35\sources\common\sprcdiv.c"
 Parameters:    Size  Location     Type
  b               4   58[BANK0 ] unsigned char 
  a               4   62[BANK0 ] unsigned char 
 Auto vars:     Size  Location     Type
  grs             4   77[BANK0 ] unsigned long 
  rem             4   71[BANK0 ] unsigned long 
  new_exp         2   75[BANK0 ] int 
  aexp            1   82[BANK0 ] unsigned char 
  bexp            1   81[BANK0 ] unsigned char 
  sign            1   70[BANK0 ] unsigned char 
 Return value:  Size  Location     Type
                  4   58[BANK0 ] unsigned char 
 Registers used:
		wreg, status,2, status,0
 Tracked objects:
		On entry : 
		On exit  : 
		Unchanged: 
 Data sizes:     COMRAM   BANK0   BANK1   BANK2
      Params:         0       8       0       0
      Locals:         0      13       0       0
      Temps:          0       4       0       0
      Totals:         0      25       0       0
Total ram usage:       25 bytes
 Hardware stack levels used:    1
 Hardware stack levels required when called:    4
 This function calls:
		Nothing
 This function is called by:
		_main
 This function uses a non-reentrant model


 *************** function ___fladd *****************
 Defined at:
		line 10 in file "C:\Program Files (x86)\Microchip\xc8\v1.35\sources\common\sprcadd.c"
 Parameters:    Size  Location     Type
  b               4    0[BANK1 ] unsigned char 
  a               4    4[BANK1 ] unsigned char 
 Auto vars:     Size  Location     Type
  grs             1   19[BANK1 ] unsigned char 
  bexp            1   18[BANK1 ] unsigned char 
  aexp            1   17[BANK1 ] unsigned char 
  signs           1   16[BANK1 ] unsigned char 
 Return value:  Size  Location     Type
                  4    0[BANK1 ] unsigned char 
 Registers used:
		wreg, status,2, status,0
 Tracked objects:
		On entry : 
		On exit  : 
		Unchanged: 
 Data sizes:     COMRAM   BANK0   BANK1   BANK2
      Params:         0       0       8       0
      Locals:         0       0       4       0
      Temps:          0       0       8       0
      Totals:         0       0      20       0
Total ram usage:       20 bytes
 Hardware stack levels used:    1
 Hardware stack levels required when called:    4
 This function calls:
		Nothing
 This function is called by:
		_main
 This function uses a non-reentrant model


 *************** function ___awdiv *****************
 Defined at:
		line 8 in file "C:\Program Files (x86)\Microchip\xc8\v1.35\sources\common\awdiv.c"
 Parameters:    Size  Location     Type
  dividend        2   19[BANK0 ] int 
  divisor         2   21[BANK0 ] int 
 Auto vars:     Size  Location     Type
  quotient        2   25[BANK0 ] int 
  sign            1   24[BANK0 ] unsigned char 
  counter         1   23[BANK0 ] unsigned char 
 Return value:  Size  Location     Type
                  2   19[BANK0 ] int 
 Registers used:
		wreg, status,2, status,0
 Tracked objects:
		On entry : 
		On exit  : 
		Unchanged: 
 Data sizes:     COMRAM   BANK0   BANK1   BANK2
      Params:         0       4       0       0
      Locals:         0       4       0       0
      Temps:          0       0       0       0
      Totals:         0       8       0       0
Total ram usage:        8 bytes
 Hardware stack levels used:    1
 Hardware stack levels required when called:    4
 This function calls:
		Nothing
 This function is called by:
		_main
 This function uses a non-reentrant model


 *************** function _CANisTXwarningON *****************
 Defined at:
		line 1119 in file "K:/Tesina/LaurTec_PIC_libraries_v_3.3.0/inc\CANlib.h"
 Parameters:    Size  Location     Type
		None
 Auto vars:     Size  Location     Type
		None
 Return value:  Size  Location     Type
                  1    wreg      unsigned char 
 Registers used:
		wreg
 Tracked objects:
		On entry : 
		On exit  : 
		Unchanged: 
 Data sizes:     COMRAM   BANK0   BANK1   BANK2
      Params:         0       0       0       0
      Locals:         0       0       0       0
      Temps:          0       0       0       0
      Totals:         0       0       0       0
Total ram usage:        0 bytes
 Hardware stack levels used:    1
 Hardware stack levels required when called:    4
 This function calls:
		Nothing
 This function is called by:
		_main
 This function uses a non-reentrant model


 *************** function _CANisRXwarningON *****************
 Defined at:
		line 1127 in file "K:/Tesina/LaurTec_PIC_libraries_v_3.3.0/inc\CANlib.h"
 Parameters:    Size  Location     Type
		None
 Auto vars:     Size  Location     Type
		None
 Return value:  Size  Location     Type
                  1    wreg      unsigned char 
 Registers used:
		wreg
 Tracked objects:
		On entry : 
		On exit  : 
		Unchanged: 
 Data sizes:     COMRAM   BANK0   BANK1   BANK2
      Params:         0       0       0       0
      Locals:         0       0       0       0
      Temps:          0       0       0       0
      Totals:         0       0       0       0
Total ram usage:        0 bytes
 Hardware stack levels used:    1
 Hardware stack levels required when called:    4
 This function calls:
		Nothing
 This function is called by:
		_main
 This function uses a non-reentrant model


 *************** function _ISR_bassa *****************
 Defined at:
		line 75 in file "newmain.c"
 Parameters:    Size  Location     Type
		None
 Auto vars:     Size  Location     Type
		None
 Return value:  Size  Location     Type
		None               void
 Registers used:
		wreg, fsr2l, fsr2h, status,2, status,0, cstack
 Tracked objects:
		On entry : 
		On exit  : 
		Unchanged: 
 Data sizes:     COMRAM   BANK0   BANK1   BANK2
      Params:         0       0       0       0
      Locals:         0       0       0       0
      Temps:         19       0       0       0
      Totals:        19       0       0       0
Total ram usage:       19 bytes
 Hardware stack levels used:    1
 Hardware stack levels required when called:    3
 This function calls:
		_CANisRxReady
		_CANreceiveMessage
 This function is called by:
		Interrupt level 1
 This function uses a non-reentrant model


 *************** function _CANreceiveMessage *****************
 Defined at:
		line 528 in file "K:/Tesina/LaurTec_PIC_libraries_v_3.3.0/inc\CANlib.h"
 Parameters:    Size  Location     Type
  msg             2    0[COMRAM] PTR struct .
		 -> msg(15), 
 Auto vars:     Size  Location     Type
  tamp            1   11[COMRAM] unsigned char 
  error           1   10[COMRAM] unsigned char 
 Return value:  Size  Location     Type
                  1    wreg      unsigned char 
 Registers used:
		wreg, fsr2l, fsr2h, status,2, status,0
 Tracked objects:
		On entry : 
		On exit  : 
		Unchanged: 
 Data sizes:     COMRAM   BANK0   BANK1   BANK2
      Params:         2       0       0       0
      Locals:         2       0       0       0
      Temps:          8       0       0       0
      Totals:        12       0       0       0
Total ram usage:       12 bytes
 Hardware stack levels used:    1
 Hardware stack levels required when called:    2
 This function calls:
		Nothing
 This function is called by:
		_ISR_bassa
 This function uses a non-reentrant model


 *************** function _CANisRxReady *****************
 Defined at:
		line 1163 in file "K:/Tesina/LaurTec_PIC_libraries_v_3.3.0/inc\CANlib.h"
 Parameters:    Size  Location     Type
		None
 Auto vars:     Size  Location     Type
		None
 Return value:  Size  Location     Type
                  1    wreg      unsigned char 
 Registers used:
		wreg, status,2
 Tracked objects:
		On entry : 
		On exit  : 
		Unchanged: 
 Data sizes:     COMRAM   BANK0   BANK1   BANK2
      Params:         0       0       0       0
      Locals:         1       0       0       0
      Temps:          0       0       0       0
      Totals:         1       0       0       0
Total ram usage:        1 bytes
 Hardware stack levels used:    1
 Hardware stack levels required when called:    2
 This function calls:
		Nothing
 This function is called by:
		_ISR_bassa
 This function uses a non-reentrant model


 *************** function _ISR_alta *****************
 Defined at:
		line 57 in file "newmain.c"
 Parameters:    Size  Location     Type
		None
 Auto vars:     Size  Location     Type
		None
 Return value:  Size  Location     Type
		None               void
 Registers used:
		wreg, status,2, status,0, cstack
 Tracked objects:
		On entry : 
		On exit  : 
		Unchanged: 
 Data sizes:     COMRAM   BANK0   BANK1   BANK2
      Params:         0       0       0       0
      Locals:         0       0       0       0
      Temps:          0      15       0       0
      Totals:         0      15       0       0
Total ram usage:       15 bytes
 Hardware stack levels used:    1
 Hardware stack levels required when called:    1
 This function calls:
		_WriteTimer0
 This function is called by:
		Interrupt level 2
 This function uses a non-reentrant model


 *************** function _WriteTimer0 *****************
 Defined at:
		line 16 in file "C:\Program Files (x86)\Microchip\xc8\v1.35\sources\pic18\plib\Timers\t0write.c"
 Parameters:    Size  Location     Type
  timer0          2    0[BANK0 ] unsigned int 
 Auto vars:     Size  Location     Type
  timer           2    2[BANK0 ] struct Timers
 Return value:  Size  Location     Type
		None               void
 Registers used:
		None
 Tracked objects:
		On entry : 
		On exit  : 
		Unchanged: 
 Data sizes:     COMRAM   BANK0   BANK1   BANK2
      Params:         0       2       0       0
      Locals:         0       2       0       0
      Temps:          0       0       0       0
      Totals:         0       4       0       0
Total ram usage:        4 bytes
 Hardware stack levels used:    1
 This function calls:
		Nothing
 This function is called by:
		_ISR_alta
 This function uses a non-reentrant model



MODULE INFORMATION

Module		Function		Class		Link	Load	Size
K:/Tesina/LaurTec_PIC_libraries_v_3.3.0/src\delay.c
		_delay_ms      		CODE           	3846	0000	59

K:/Tesina/LaurTec_PIC_libraries_v_3.3.0/src\delay.c estimated size: 59

C:\Program Files (x86)\Microchip\xc8\v1.35\sources\common\awdiv.c
		___awdiv       		CODE           	33C6	0000	191

C:\Program Files (x86)\Microchip\xc8\v1.35\sources\common\awdiv.c estimated size: 191

C:\Program Files (x86)\Microchip\xc8\v1.35\sources\pic18\plib\ADC\adcbusy.c
		_BusyADC       		CODE           	398E	0000	13

C:\Program Files (x86)\Microchip\xc8\v1.35\sources\pic18\plib\ADC\adcbusy.c estimated size: 13

C:\Program Files (x86)\Microchip\xc8\v1.35\sources\common\Umul32.c
		___lmul        		CODE           	36E6	0000	119

C:\Program Files (x86)\Microchip\xc8\v1.35\sources\common\Umul32.c estimated size: 119

C:\Program Files (x86)\Microchip\xc8\v1.35\sources\common\sprcadd.c
		___fladd       		CODE           	1908	0000	1193

C:\Program Files (x86)\Microchip\xc8\v1.35\sources\common\sprcadd.c estimated size: 1193

C:\Program Files (x86)\Microchip\xc8\v1.35\sources\common\flneg.c
		___flneg       		CODE           	3880	0000	57

C:\Program Files (x86)\Microchip\xc8\v1.35\sources\common\flneg.c estimated size: 57

C:\Program Files (x86)\Microchip\xc8\v1.35\sources\pic18\plib\ADC\adcread.c
		_ReadADC       		CODE           	396A	0000	19

C:\Program Files (x86)\Microchip\xc8\v1.35\sources\pic18\plib\ADC\adcread.c estimated size: 19

C:\Program Files (x86)\Microchip\xc8\v1.35\sources\common\xxtofl.c
		___xxtofl      		CODE           	2E40	0000	463

C:\Program Files (x86)\Microchip\xc8\v1.35\sources\common\xxtofl.c estimated size: 463

newmain.c
		_configurazione_iniziale		CODE           	32E0	0000	231
		_send_data     		CODE           	3808	0000	63
		_main          		CODE           	2256	0000	1165
		_ISR_bassa     		CODE           	0018	0000	335
		_calibrazione  		CODE           	37C2	0000	71
		_ISR_alta      		CODE           	0008	0000	193

newmain.c estimated size: 2058

K:/Tesina/LaurTec_PIC_libraries_v_3.3.0/inc\CANlib.h
		_CANisRXwarningON		CODE           	39A6	0000	13
		_CANSetFilter  		CODE           	016A	0000	2823
		_CANisRxReady  		CODE           	3954	0000	23
		_CANreceiveMessage		CODE           	13FC	0000	1293
		_CANisTXwarningON		CODE           	399A	0000	13
		_CANsendMessage		CODE           	0C70	0000	1933
		_CANInitialize 		CODE           	300E	0000	455
		_CANOperationMode		CODE           	393E	0000	23
		_CANisTxReady  		CODE           	391A	0000	37
		_CANSetMask    		CODE           	2AA2	0000	927

K:/Tesina/LaurTec_PIC_libraries_v_3.3.0/inc\CANlib.h estimated size: 7540

C:\Program Files (x86)\Microchip\xc8\v1.35\sources\pic18\plib\ADC\adcconv.c
		_ConvertADC    		CODE           	39B6	0000	5

C:\Program Files (x86)\Microchip\xc8\v1.35\sources\pic18\plib\ADC\adcconv.c estimated size: 5

shared
		__initialization		CODE           	375C	0000	89

shared estimated size: 89

C:\Program Files (x86)\Microchip\xc8\v1.35\sources\pic18\plib\Timers\t0write.c
		_WriteTimer0   		CODE           	397C	0000	19

C:\Program Files (x86)\Microchip\xc8\v1.35\sources\pic18\plib\Timers\t0write.c estimated size: 19

C:\Program Files (x86)\Microchip\xc8\v1.35\sources\common\sprcmul.c
		___flmul       		CODE           	1DB0	0000	1191

C:\Program Files (x86)\Microchip\xc8\v1.35\sources\common\sprcmul.c estimated size: 1191

C:\Program Files (x86)\Microchip\xc8\v1.35\sources\common\lwdiv.c
		___lwdiv       		CODE           	366E	0000	121

C:\Program Files (x86)\Microchip\xc8\v1.35\sources\common\lwdiv.c estimated size: 121

C:\Program Files (x86)\Microchip\xc8\v1.35\sources\common\sprcdiv.c
		___fldiv       		CODE           	26E2	0000	961

C:\Program Files (x86)\Microchip\xc8\v1.35\sources\common\sprcdiv.c estimated size: 961

C:\Program Files (x86)\Microchip\xc8\v1.35\sources\common\Umul16.c
		___wmul        		CODE           	38B8	0000	55

C:\Program Files (x86)\Microchip\xc8\v1.35\sources\common\Umul16.c estimated size: 55

C:\Program Files (x86)\Microchip\xc8\v1.35\sources\common\fltol.c
		___fltol       		CODE           	31D4	0000	269

C:\Program Files (x86)\Microchip\xc8\v1.35\sources\common\fltol.c estimated size: 269

C:\Program Files (x86)\Microchip\xc8\v1.35\sources\common\abs.c
		_abs           		CODE           	38EE	0000	45

C:\Program Files (x86)\Microchip\xc8\v1.35\sources\common\abs.c estimated size: 45

C:\Program Files (x86)\Microchip\xc8\v1.35\sources\common\lldiv.c
		___lldiv       		CODE           	3484	0000	189

C:\Program Files (x86)\Microchip\xc8\v1.35\sources\common\lldiv.c estimated size: 189

C:\Program Files (x86)\Microchip\xc8\v1.35\sources\pic18\plib\ADC\adcopen.c
		_OpenADC       		CODE           	35F2	0000	125

C:\Program Files (x86)\Microchip\xc8\v1.35\sources\pic18\plib\ADC\adcopen.c estimated size: 125

