Microchip MPLAB XC8 Compiler V1.35 ()

Linker command line:

--edf=C:\Program Files (x86)\Microchip\xc8\v1.35\dat\en_msgs.txt -cs \
  -h+dist/default/production\sterzo.production.sym \
  --cmf=dist/default/production\sterzo.production.cmf -z -Q18F4480 \
  -oC:\Users\Simone\AppData\Local\Temp\sao8.2 \
  -Mdist/default/production/sterzo.production.map -E1 -ver=XC8 --acfsm=1493 \
  -ASTACK=0BEh-02ffh -pstack=STACK -ACODE=00h-03FFFh -ACONST=00h-03FFFh \
  -ASMALLCONST=0300h-03FFhx61 -AMEDIUMCONST=0300h-03FFFh -ACOMRAM=01h-05Fh \
  -AABS1=00h-02FFh -ABIGRAM=01h-02FFh -ARAM=060h-0FFh,0100h-01FFhx2 \
  -ABANK0=060h-0FFh -ABANK1=0100h-01FFh -ABANK2=0200h-02FFh \
  -ASFR=0D00h-0DFFhx2,0F00h-0F5Fh,0F60h-0FFFh \
  -preset_vec=00h,intcode=08h,intcodelo=018h,powerup,init,end_init \
  -pramtop=0300h -psmallconst=SMALLCONST -pmediumconst=MEDIUMCONST \
  -pconst=CONST -AFARRAM=00h-00h -ACONFIG=0300000h-030000Dh -pconfig=CONFIG \
  -AIDLOC=0200000h-0200007h -pidloc=IDLOC -AEEDATA=0F00000h-0F000FFh \
  -peeprom_data=EEDATA \
  -prdata=COMRAM,nvrram=COMRAM,nvbit=COMRAM,rbss=COMRAM,rbit=COMRAM \
  -pfarbss=FARRAM,fardata=FARRAM,nvFARRAM=FARRAM \
  -pintsave_regs=BIGRAM,bigbss=BIGRAM,bigdata=BIGRAM -pbss=RAM \
  -pidata=CODE,irdata=CODE,ibigdata=CODE,ifardata=CODE -pparam0=BANK0 \
  C:\Users\Simone\AppData\Local\Temp\sao8.obj \
  dist/default/production\sterzo.production.obj 

Object code version is 3.11

Machine type is 18F4480

Call graph: (short form)




                Name                               Link     Load   Length Selector   Space Scale
C:\Users\Simone\AppData\Local\Temp\sao8.obj
                end_init                            188      188        4        C       0
                reset_vec                             0        0        4        0       0
                idloc                            200000   200000        8   200000       0
                config                           300000   300000        E   300000       0
dist/default/production\sterzo.production.obj
                intcodelo                            18       18      170        C       0
                intcode                               8        8        E        4       0
                temp                                 4C       4C        1        1       1
                text28                             2BF6     2BF6       12        C       0
                intcode_body                       272E     272E       B6        C       0
                text26                             2BCE     2BCE       16        C       0
                text25                             1AAE     1AAE      50C        C       0
                text24                             141E     141E      690        C       0
                text23                             2A28     2A28       52        C       0
                text22                             2B6E     2B6E       26        C       0
                text20                             2C20     2C20        C        C       0
                text19                             2C14     2C14        C        C       0
                text18                             2672     2672       BC        C       0
                text17                             2958     2958       76        C       0
                text16                             2C08     2C08        C        C       0
                text15                             2C32     2C32        4        C       0
                text14                             2BE4     2BE4       12        C       0
                text13                             28E0     28E0       78        C       0
                text12                             2A7A     2A7A       46        C       0
                text11                             2BB8     2BB8       16        C       0
                text10                              18C      18C      B06        C       0
                text9                              1FBA     1FBA      39E        C       0
                text8                              2358     2358      1C6        C       0
                text7                              2864     2864       7C        C       0
                text6                              27E4     27E4       80        C       0
                text5                              2B38     2B38       36        C       0
                text4                              2AFE     2AFE       3A        C       0
                text3                              2B94     2B94       24        C       0
                text2                               C92      C92      78C        C       0
                text1                              2AC0     2AC0       3E        C       0
                text0                              251E     251E      154        C       0
                cstackCOMRAM                         23       23       22        1       1
                cstackBANK0                          60       60       31       60       1
                dataBANK0                            BD       BD        1       60       1
                bssBANK0                             91       91       2C       60       1
                dataCOMRAM                           45       45        6        1       1
                bssCOMRAM                             1        1       22        1       1
                bitbssCOMRAM                        258       4B        2        1       1     8
                cinit                              29CE     29CE       5A        C       0
                idataBANK0                         2C36     2C36        1        C       0
                idataCOMRAM                        2C2C     2C2C        6        C       0

TOTAL           Name                               Link     Load   Length     Space
        CLASS   STACK          

        CLASS   CODE           
                end_init                            188      188        4         0
                intcodelo                            18       18      170         0
                intcode                               8        8        E         0
                reset_vec                             0        0        4         0
                text28                             2BF6     2BF6       12         0
                intcode_body                       272E     272E       B6         0
                text26                             2BCE     2BCE       16         0
                text25                             1AAE     1AAE      50C         0
                text24                             141E     141E      690         0
                text23                             2A28     2A28       52         0
                text22                             2B6E     2B6E       26         0
                text20                             2C20     2C20        C         0
                text19                             2C14     2C14        C         0
                text18                             2672     2672       BC         0
                text17                             2958     2958       76         0
                text16                             2C08     2C08        C         0
                text15                             2C32     2C32        4         0
                text14                             2BE4     2BE4       12         0
                text13                             28E0     28E0       78         0
                text12                             2A7A     2A7A       46         0
                text11                             2BB8     2BB8       16         0
                text10                              18C      18C      B06         0
                text9                              1FBA     1FBA      39E         0
                text8                              2358     2358      1C6         0
                text7                              2864     2864       7C         0
                text6                              27E4     27E4       80         0
                text5                              2B38     2B38       36         0
                text4                              2AFE     2AFE       3A         0
                text3                              2B94     2B94       24         0
                text2                               C92      C92      78C         0
                text1                              2AC0     2AC0       3E         0
                text0                              251E     251E      154         0
                cinit                              29CE     29CE       5A         0
                idataBANK0                         2C36     2C36        1         0
                idataCOMRAM                        2C2C     2C2C        6         0

        CLASS   CONST          

        CLASS   SMALLCONST     

        CLASS   MEDIUMCONST    

        CLASS   COMRAM         
                temp                                 4C       4C        1         1
                cstackCOMRAM                         23       23       22         1
                dataCOMRAM                           45       45        6         1
                bssCOMRAM                             1        1       22         1
                bitbssCOMRAM                        258       4B        2         1

        CLASS   ABS1           

        CLASS   BIGRAM         

        CLASS   RAM            

        CLASS   BANK0          
                cstackBANK0                          60       60       31         1
                dataBANK0                            BD       BD        1         1
                bssBANK0                             91       91       2C         1

        CLASS   BANK1          

        CLASS   BANK2          

        CLASS   SFR            

        CLASS   FARRAM         

        CLASS   CONFIG         
                config                           300000   300000        E         0

        CLASS   IDLOC          
                idloc                            200000   200000        8         0

        CLASS   EEDATA         



SEGMENTS        Name                           Load    Length   Top    Selector   Space  Class

                reset_vec                      000000  000004  000004         0       0  CODE    
                bssCOMRAM                      000001  00004C  00004D         1       1  COMRAM  
                intcode                        000008  00000E  000016         4       0  CODE    
                intcodelo                      000018  002C1F  002C37         C       0  CODE    
                cstackBANK0                    000060  00005E  0000BE        60       1  BANK0   
                idloc                          200000  000008  200008    200000       0  IDLOC   
                config                         300000  00000E  30000E    300000       0  CONFIG  


UNUSED ADDRESS RANGES

        Name                Unused          Largest block    Delta
        BANK0            0000BE-0000FF               42
        BANK1            000100-0001FF              100
        BANK2            000200-0002FF              100
        BIGRAM           00004D-00005F               13
                         0000BE-0002FF              242
        CODE             000004-000007                4
                         000016-000017                2
                         002C37-003FFF             13C9
        COMRAM           00004D-00005F               13
        CONST            000004-000007                4
                         000016-000017                2
                         002C37-003FFF             13C9
        EEDATA           F00000-F000FF              100
        MEDIUMCONST      002C37-003FFF             13C9
        RAM              0000BE-0002FF              100
        SFR              000D00-000FFF              100
        SMALLCONST       002C37-003FFF              100
        STACK            0000BE-0002FF              242

                                  Symbol Table

?_ReadADC                         cstackBANK0  000073
?___lldiv                         cstackBANK0  00007F
?___lmul                          cstackBANK0  000073
?___lwdiv                         cstackBANK0  000073
?___wmul                          cstackBANK0  000073
?i1___lwdiv                       cstackCOMRAM 000029
?i1___wmul                        cstackCOMRAM 000023
CANInitialize@BRP                 cstackBANK0  000084
CANInitialize@FilterConfig1       cstackBANK0  00008B
CANInitialize@FilterConfig2       cstackBANK0  00008C
CANInitialize@SJW                 cstackBANK0  000083
CANInitialize@flags               cstackBANK0  000085
CANInitialize@phaseSeg1           cstackBANK0  000081
CANInitialize@phaseSeg2           cstackBANK0  000082
CANInitialize@propSeg             cstackBANK0  00008A
CANOperationMode@mode             cstackBANK0  000073
CANSetFilter@filter               cstackBANK0  000073
CANSetFilter@numBuffer            cstackBANK0  00007C
CANSetFilter@tamp                 cstackBANK0  00007D
CANSetFilter@type                 cstackBANK0  000077
CANSetMask@mask                   cstackBANK0  000073
CANSetMask@numBuffer              cstackBANK0  00007C
CANSetMask@tamp                   cstackBANK0  00007D
CANSetMask@type                   cstackBANK0  000077
CANreceiveMessage@error           cstackCOMRAM 00002D
CANreceiveMessage@msg             cstackCOMRAM 000023
CANreceiveMessage@tamp            cstackCOMRAM 00002E
CANsendMessage@data               cstackBANK0  000077
CANsendMessage@dataLength         cstackBANK0  000079
CANsendMessage@flags              cstackBANK0  00007A
CANsendMessage@identifier         cstackBANK0  000073
CANsendMessage@tamp               cstackBANK0  00007F
OpenADC@config                    cstackBANK0  000077
OpenADC@config2                   cstackBANK0  000073
OpenADC@portconfig                cstackBANK0  000074
WriteTimer0@timer                 cstackBANK0  000062
WriteTimer0@timer0                cstackBANK0  000060
_ADCON0                           (abs)        000FC2
_ADCON0bits                       (abs)        000FC2
_ADCON1                           (abs)        000FC1
_ADCON2                           (abs)        000FC0
_ADCResult                        bssBANK0     0000B1
_ADRESH                           (abs)        000FC4
_ADRESL                           (abs)        000FC3
_BRGCON1                          (abs)        000F70
_BRGCON2                          (abs)        000F71
_BRGCON2bits                      (abs)        000F71
_BRGCON3                          (abs)        000F72
_BRGCON3bits                      (abs)        000F72
_BusyADC                          text16       002C08
_CANCON                           (abs)        000F6F
_CANCONbits                       (abs)        000F6F
_CANInitialize                    text8        002358
_CANOperationMode                 text11       002BB8
_CANSTAT                          (abs)        000F6E
_CANSetFilter                     text10       00018C
_CANSetMask                       text9        001FBA
_CANisRXwarningON                 text20       002C20
_CANisRxReady                     text26       002BCE
_CANisRxReady$2825                cstackCOMRAM 000023
_CANisTXwarningON                 text19       002C14
_CANisTxReady                     text3        002B94
_CANisTxReady$2823                cstackBANK0  000073
_CANreceiveMessage                text25       001AAE
_CANsendMessage                   text2        000C92
_COMSTATbits                      (abs)        000F74
_ConvertADC                       text15       002C32
_INTCON2bits                      (abs)        000FF1
_INTCONbits                       (abs)        000FF2
_IPR3bits                         (abs)        000FA5
_ISR_alta                         intcode      000008
_ISR_bassa                        intcodelo    000018
_LATA                             (abs)        000F89
_LATB                             (abs)        000F8A
_LATC                             (abs)        000F8B
_LATD                             (abs)        000F8C
_LATE                             (abs)        000F8D
_OpenADC                          text7        002864
_PIE1bits                         (abs)        000F9D
_PIE3bits                         (abs)        000FA3
_PIR1bits                         (abs)        000F9E
_PIR3bits                         (abs)        000FA4
_PORTAbits                        (abs)        000F80
_PORTCbits                        (abs)        000F82
_RCONbits                         (abs)        000FD0
_RXB0CON                          (abs)        000F60
_RXB0CONbits                      (abs)        000F60
_RXB0D0                           (abs)        000F66
_RXB0D1                           (abs)        000F67
_RXB0D2                           (abs)        000F68
_RXB0D3                           (abs)        000F69
_RXB0D4                           (abs)        000F6A
_RXB0D5                           (abs)        000F6B
_RXB0D6                           (abs)        000F6C
_RXB0D7                           (abs)        000F6D
_RXB0DLC                          (abs)        000F65
_RXB0DLCbits                      (abs)        000F65
_RXB0EIDH                         (abs)        000F63
_RXB0EIDL                         (abs)        000F64
_RXB0SIDH                         (abs)        000F61
_RXB0SIDL                         (abs)        000F62
_RXB0SIDLbits                     (abs)        000F62
_RXB1CON                          (abs)        000F50
_RXB1CONbits                      (abs)        000F50
_RXB1D0                           (abs)        000F56
_RXB1D1                           (abs)        000F57
_RXB1D2                           (abs)        000F58
_RXB1D3                           (abs)        000F59
_RXB1D4                           (abs)        000F5A
_RXB1D5                           (abs)        000F5B
_RXB1D6                           (abs)        000F5C
_RXB1D7                           (abs)        000F5D
_RXB1DLC                          (abs)        000F55
_RXB1DLCbits                      (abs)        000F55
_RXB1EIDH                         (abs)        000F53
_RXB1EIDL                         (abs)        000F54
_RXB1SIDH                         (abs)        000F51
_RXB1SIDL                         (abs)        000F52
_RXB1SIDLbits                     (abs)        000F52
_RXERRCNT                         (abs)        000F75
_RXF0EIDH                         (abs)        000F02
_RXF0EIDL                         (abs)        000F03
_RXF0SIDH                         (abs)        000F00
_RXF0SIDL                         (abs)        000F01
_RXF0SIDLbits                     (abs)        000F01
_RXF1EIDH                         (abs)        000F06
_RXF1EIDL                         (abs)        000F07
_RXF1SIDH                         (abs)        000F04
_RXF1SIDL                         (abs)        000F05
_RXF1SIDLbits                     (abs)        000F05
_RXF2EIDH                         (abs)        000F0A
_RXF2EIDL                         (abs)        000F0B
_RXF2SIDH                         (abs)        000F08
_RXF2SIDL                         (abs)        000F09
_RXF2SIDLbits                     (abs)        000F09
_RXF3EIDH                         (abs)        000F0E
_RXF3EIDL                         (abs)        000F0F
_RXF3SIDH                         (abs)        000F0C
_RXF3SIDL                         (abs)        000F0D
_RXF3SIDLbits                     (abs)        000F0D
_RXF4EIDH                         (abs)        000F12
_RXF4EIDL                         (abs)        000F13
_RXF4SIDH                         (abs)        000F10
_RXF4SIDL                         (abs)        000F11
_RXF4SIDLbits                     (abs)        000F11
_RXF5EIDH                         (abs)        000F16
_RXF5EIDL                         (abs)        000F17
_RXF5SIDH                         (abs)        000F14
_RXF5SIDL                         (abs)        000F15
_RXF5SIDLbits                     (abs)        000F15
_RXM0EIDH                         (abs)        000F1A
_RXM0EIDL                         (abs)        000F1B
_RXM0SIDH                         (abs)        000F18
_RXM0SIDL                         (abs)        000F19
_RXM0SIDLbits                     (abs)        000F19
_RXM1EIDH                         (abs)        000F1E
_RXM1EIDL                         (abs)        000F1F
_RXM1SIDH                         (abs)        000F1C
_RXM1SIDL                         (abs)        000F1D
_RXM1SIDLbits                     (abs)        000F1D
_ReadADC                          text14       002BE4
_T0CON                            (abs)        000FD5
_T0CONbits                        (abs)        000FD5
_TMR0H                            (abs)        000FD7
_TMR0L                            (abs)        000FD6
_TRISA                            (abs)        000F92
_TRISB                            (abs)        000F93
_TRISC                            (abs)        000F94
_TRISD                            (abs)        000F95
_TRISE                            (abs)        000F96
_TXB0CONbits                      (abs)        000F40
_TXB0D0                           (abs)        000F46
_TXB0D1                           (abs)        000F47
_TXB0D2                           (abs)        000F48
_TXB0D3                           (abs)        000F49
_TXB0D4                           (abs)        000F4A
_TXB0D5                           (abs)        000F4B
_TXB0D6                           (abs)        000F4C
_TXB0D7                           (abs)        000F4D
_TXB0DLC                          (abs)        000F45
_TXB0DLCbits                      (abs)        000F45
_TXB0EIDH                         (abs)        000F43
_TXB0EIDL                         (abs)        000F44
_TXB0SIDH                         (abs)        000F41
_TXB0SIDL                         (abs)        000F42
_TXB0SIDLbits                     (abs)        000F42
_TXB1CONbits                      (abs)        000F30
_TXB1D0                           (abs)        000F36
_TXB1D1                           (abs)        000F37
_TXB1D2                           (abs)        000F38
_TXB1D3                           (abs)        000F39
_TXB1D4                           (abs)        000F3A
_TXB1D5                           (abs)        000F3B
_TXB1D6                           (abs)        000F3C
_TXB1D7                           (abs)        000F3D
_TXB1DLC                          (abs)        000F35
_TXB1DLCbits                      (abs)        000F35
_TXB1EIDH                         (abs)        000F33
_TXB1EIDL                         (abs)        000F34
_TXB1SIDH                         (abs)        000F31
_TXB1SIDL                         (abs)        000F32
_TXB1SIDLbits                     (abs)        000F32
_TXB2CONbits                      (abs)        000F20
_TXB2D0                           (abs)        000F26
_TXB2D1                           (abs)        000F27
_TXB2D2                           (abs)        000F28
_TXB2D3                           (abs)        000F29
_TXB2D4                           (abs)        000F2A
_TXB2D5                           (abs)        000F2B
_TXB2D6                           (abs)        000F2C
_TXB2D7                           (abs)        000F2D
_TXB2DLC                          (abs)        000F25
_TXB2DLCbits                      (abs)        000F25
_TXB2EIDH                         (abs)        000F23
_TXB2EIDL                         (abs)        000F24
_TXB2SIDH                         (abs)        000F21
_TXB2SIDL                         (abs)        000F22
_TXB2SIDLbits                     (abs)        000F22
_TXERRCNT                         (abs)        000F76
_Toff                             bssCOMRAM    000009
_Ton                              bssCOMRAM    00000B
_WriteTimer0                      text28       002BF6
__CFG_BBSIZ$1024                  (abs)        000000
__CFG_BOREN$BOHW                  (abs)        000000
__CFG_BORV$3                      (abs)        000000
__CFG_CP0$OFF                     (abs)        000000
__CFG_CP1$OFF                     (abs)        000000
__CFG_CPB$OFF                     (abs)        000000
__CFG_CPD$OFF                     (abs)        000000
__CFG_EBTR0$OFF                   (abs)        000000
__CFG_EBTR1$OFF                   (abs)        000000
__CFG_EBTRB$OFF                   (abs)        000000
__CFG_FCMEN$OFF                   (abs)        000000
__CFG_IESO$OFF                    (abs)        000000
__CFG_LPT1OSC$OFF                 (abs)        000000
__CFG_LVP$OFF                     (abs)        000000
__CFG_MCLRE$ON                    (abs)        000000
__CFG_OSC$HS                      (abs)        000000
__CFG_PBADEN$ON                   (abs)        000000
__CFG_PWRT$OFF                    (abs)        000000
__CFG_STVREN$ON                   (abs)        000000
__CFG_WDT$OFF                     (abs)        000000
__CFG_WDTPS$32768                 (abs)        000000
__CFG_WRT0$OFF                    (abs)        000000
__CFG_WRT1$OFF                    (abs)        000000
__CFG_WRTB$OFF                    (abs)        000000
__CFG_WRTC$OFF                    (abs)        000000
__CFG_WRTD$OFF                    (abs)        000000
__CFG_XINST$OFF                   (abs)        000000
__HRAM                            (abs)        000000
__Habs1                           abs1         000000
__Hbank0                          bank0        000000
__Hbank1                          bank1        000000
__Hbank2                          bank2        000000
__Hbigbss                         bigbss       000000
__Hbigdata                        bigdata      000000
__Hbigram                         bigram       000000
__HbitbssCOMRAM                   bitbssCOMRAM 000000
__Hbss                            bss          000000
__HbssBANK0                       bssBANK0     000000
__HbssCOMRAM                      bssCOMRAM    000000
__Hcinit                          cinit        000000
__Hclrtext                        clrtext      000000
__Hcomram                         comram       000000
__Hconfig                         config       30000E
__Hconst                          const        000000
__HcstackBANK0                    cstackBANK0  000000
__HcstackCOMRAM                   cstackCOMRAM 000000
__Hdata                           data         000000
__HdataBANK0                      dataBANK0    000000
__HdataCOMRAM                     dataCOMRAM   000000
__Heeprom_data                    eeprom_data  000000
__Hend_init                       end_init     00018C
__Hfarbss                         farbss       000000
__Hfardata                        fardata      000000
__Hibigdata                       ibigdata     000000
__Hidata                          idata        000000
__HidataBANK0                     idataBANK0   000000
__HidataCOMRAM                    idataCOMRAM  000000
__Hidloc                          idloc        200008
__Hifardata                       ifardata     000000
__Hinit                           init         000188
__Hintcode                        intcode      000016
__Hintcode_body                   intcode_body 000000
__Hintcodelo                      intcodelo    000188
__Hintentry                       intentry     000000
__Hintret                         intret       000000
__Hintsave_regs                   intsave_regs 000000
__Hirdata                         irdata       000000
__Hmediumconst                    mediumconst  000000
__HnvFARRAM                       nvFARRAM     000000
__Hnvbit                          nvbit        000000
__Hnvrram                         nvrram       000000
__Hparam                          param0       000000
__Hparam0                         param0       000000
__Hpowerup                        powerup      000188
__Hram                            ram          000000
__Hramtop                         ramtop       000300
__Hrbit                           rbit         000000
__Hrbss                           rbss         000000
__Hrdata                          rdata        000000
__Hreset_vec                      reset_vec    000004
__Hsfr                            sfr          000000
__Hsmallconst                     smallconst   000000
__Hspace_0                        (abs)        30000E
__Hspace_1                        (abs)        00025A
__Hspace_2                        (abs)        000000
__Hstack                          stack        000000
__Hstruct                         struct       000000
__Htemp                           temp         00004D
__Htext                           text         000000
__Htext0                          text0        000000
__Htext1                          text1        000000
__Htext10                         text10       000000
__Htext11                         text11       000000
__Htext12                         text12       000000
__Htext13                         text13       000000
__Htext14                         text14       000000
__Htext15                         text15       000000
__Htext16                         text16       000000
__Htext17                         text17       000000
__Htext18                         text18       000000
__Htext19                         text19       000000
__Htext2                          text2        000000
__Htext20                         text20       000000
__Htext22                         text22       000000
__Htext23                         text23       000000
__Htext24                         text24       000000
__Htext25                         text25       000000
__Htext26                         text26       000000
__Htext28                         text28       000000
__Htext3                          text3        000000
__Htext4                          text4        000000
__Htext5                          text5        000000
__Htext6                          text6        000000
__Htext7                          text7        000000
__Htext8                          text8        000000
__Htext9                          text9        000000
__LRAM                            (abs)        000001
__Labs1                           abs1         000000
__Lbank0                          bank0        000000
__Lbank1                          bank1        000000
__Lbank2                          bank2        000000
__Lbigbss                         bigbss       000000
__Lbigdata                        bigdata      000000
__Lbigram                         bigram       000000
__LbitbssCOMRAM                   bitbssCOMRAM 000000
__Lbss                            bss          000000
__LbssBANK0                       bssBANK0     000000
__LbssCOMRAM                      bssCOMRAM    000000
__Lcinit                          cinit        000000
__Lclrtext                        clrtext      000000
__Lcomram                         comram       000000
__Lconfig                         config       300000
__Lconst                          const        000000
__LcstackBANK0                    cstackBANK0  000000
__LcstackCOMRAM                   cstackCOMRAM 000000
__Ldata                           data         000000
__LdataBANK0                      dataBANK0    000000
__LdataCOMRAM                     dataCOMRAM   000000
__Leeprom_data                    eeprom_data  000000
__Lend_init                       end_init     000188
__Lfarbss                         farbss       000000
__Lfardata                        fardata      000000
__Libigdata                       ibigdata     000000
__Lidata                          idata        000000
__LidataBANK0                     idataBANK0   000000
__LidataCOMRAM                    idataCOMRAM  000000
__Lidloc                          idloc        200000
__Lifardata                       ifardata     000000
__Linit                           init         000188
__Lintcode                        intcode      000008
__Lintcode_body                   intcode_body 000000
__Lintcodelo                      intcodelo    000018
__Lintentry                       intentry     000000
__Lintret                         intret       000000
__Lintsave_regs                   intsave_regs 000000
__Lirdata                         irdata       000000
__Lmediumconst                    mediumconst  000000
__LnvFARRAM                       nvFARRAM     000000
__Lnvbit                          nvbit        000000
__Lnvrram                         nvrram       000000
__Lparam                          param0       000000
__Lparam0                         param0       000000
__Lpowerup                        powerup      000188
__Lram                            ram          000000
__Lramtop                         ramtop       000300
__Lrbit                           rbit         000000
__Lrbss                           rbss         000000
__Lrdata                          rdata        000000
__Lreset_vec                      reset_vec    000000
__Lsfr                            sfr          000000
__Lsmallconst                     smallconst   000000
__Lspace_0                        (abs)        000000
__Lspace_1                        (abs)        000000
__Lspace_2                        (abs)        000000
__Lstack                          stack        000000
__Lstruct                         struct       000000
__Ltemp                           temp         00004C
__Ltext                           text         000000
__Ltext0                          text0        000000
__Ltext1                          text1        000000
__Ltext10                         text10       000000
__Ltext11                         text11       000000
__Ltext12                         text12       000000
__Ltext13                         text13       000000
__Ltext14                         text14       000000
__Ltext15                         text15       000000
__Ltext16                         text16       000000
__Ltext17                         text17       000000
__Ltext18                         text18       000000
__Ltext19                         text19       000000
__Ltext2                          text2        000000
__Ltext20                         text20       000000
__Ltext22                         text22       000000
__Ltext23                         text23       000000
__Ltext24                         text24       000000
__Ltext25                         text25       000000
__Ltext26                         text26       000000
__Ltext28                         text28       000000
__Ltext3                          text3        000000
__Ltext4                          text4        000000
__Ltext5                          text5        000000
__Ltext6                          text6        000000
__Ltext7                          text7        000000
__Ltext8                          text8        000000
__Ltext9                          text9        000000
__S0                              (abs)        30000E
__S1                              (abs)        0000BE
__S2                              (abs)        000000
___inthi_sp                       stack        000000
___intlo_sp                       stack        000000
___lldiv                          text18       002672
___lldiv@counter                  cstackBANK0  00008B
___lldiv@dividend                 cstackBANK0  00007F
___lldiv@divisor                  cstackBANK0  000083
___lldiv@quotient                 cstackBANK0  000087
___lmul                           text17       002958
___lmul@multiplicand              cstackBANK0  000077
___lmul@multiplier                cstackBANK0  000073
___lmul@product                   cstackBANK0  00007B
___lwdiv                          text13       0028E0
___lwdiv@counter                  cstackBANK0  000079
___lwdiv@dividend                 cstackBANK0  000073
___lwdiv@divisor                  cstackBANK0  000075
___lwdiv@quotient                 cstackBANK0  000077
___param_bank                     (abs)        000000
___rparam_used                    (abs)        000000
___sp                             stack        000000
___wmul                           text5        002B38
___wmul@multiplicand              cstackBANK0  000075
___wmul@multiplier                cstackBANK0  000073
___wmul@product                   cstackBANK0  000077
__accesstop                       (abs)        000060
__activetblptr                    (abs)        000002
__end_of_BusyADC                  text16       002C14
__end_of_CANInitialize            text8        00251E
__end_of_CANOperationMode         text11       002BCE
__end_of_CANSetFilter             text10       000C92
__end_of_CANSetMask               text9        002358
__end_of_CANisRXwarningON         text20       002C2C
__end_of_CANisRxReady             text26       002BE4
__end_of_CANisTXwarningON         text19       002C20
__end_of_CANisTxReady             text3        002BB8
__end_of_CANreceiveMessage        text25       001FBA
__end_of_CANsendMessage           text2        00141E
__end_of_ConvertADC               text15       002C36
__end_of_ISR_alta                 intcode_body 0027E4
__end_of_ISR_bassa                intcodelo    000188
__end_of_OpenADC                  text7        0028E0
__end_of_ReadADC                  text14       002BF6
__end_of_WriteTimer0              text28       002C08
__end_of___lldiv                  text18       00272E
__end_of___lmul                   text17       0029CE
__end_of___lwdiv                  text13       002958
__end_of___wmul                   text5        002B6E
__end_of__initialization          cinit        002A1A
__end_of_calibrazione             text12       002AC0
__end_of_configurazione_iniziale  text6        002864
__end_of_delay_ms                 text4        002B38
__end_of_main                     text0        002672
__end_of_send_data                text1        002AFE
__end_ofi1_CANsendMessage         text24       001AAE
__end_ofi1___lwdiv                text23       002A7A
__end_ofi1___wmul                 text22       002B94
__initialization                  cinit        0029CE
__mediumconst                     mediumconst  000000
__pbitbssCOMRAM                   bitbssCOMRAM 000258
__pbssBANK0                       bssBANK0     000091
__pbssCOMRAM                      bssCOMRAM    000001
__pcinit                          cinit        0029CE
__pcstackBANK0                    cstackBANK0  000060
__pcstackCOMRAM                   cstackCOMRAM 000023
__pdataBANK0                      dataBANK0    0000BD
__pdataCOMRAM                     dataCOMRAM   000045
__pidataBANK0                     idataBANK0   002C36
__pidataCOMRAM                    idataCOMRAM  002C2C
__pintcode                        intcode      000008
__pintcode_body                   intcode_body 00272E
__pintcodelo                      intcodelo    000018
__ptext0                          text0        00251E
__ptext1                          text1        002AC0
__ptext10                         text10       00018C
__ptext11                         text11       002BB8
__ptext12                         text12       002A7A
__ptext13                         text13       0028E0
__ptext14                         text14       002BE4
__ptext15                         text15       002C32
__ptext16                         text16       002C08
__ptext17                         text17       002958
__ptext18                         text18       002672
__ptext19                         text19       002C14
__ptext2                          text2        000C92
__ptext20                         text20       002C20
__ptext22                         text22       002B6E
__ptext23                         text23       002A28
__ptext24                         text24       00141E
__ptext25                         text25       001AAE
__ptext26                         text26       002BCE
__ptext28                         text28       002BF6
__ptext3                          text3        002B94
__ptext4                          text4        002AFE
__ptext5                          text5        002B38
__ptext6                          text6        0027E4
__ptext7                          text7        002864
__ptext8                          text8        002358
__ptext9                          text9        001FBA
__ramtop                          ramtop       000300
__size_of_BusyADC                 (abs)        000000
__size_of_CANInitialize           (abs)        000000
__size_of_CANOperationMode        (abs)        000000
__size_of_CANSetFilter            (abs)        000000
__size_of_CANSetMask              (abs)        000000
__size_of_CANisRXwarningON        (abs)        000000
__size_of_CANisRxReady            (abs)        000000
__size_of_CANisTXwarningON        (abs)        000000
__size_of_CANisTxReady            (abs)        000000
__size_of_CANreceiveMessage       (abs)        000000
__size_of_CANsendMessage          (abs)        000000
__size_of_ConvertADC              (abs)        000000
__size_of_ISR_alta                (abs)        000000
__size_of_ISR_bassa               (abs)        000000
__size_of_OpenADC                 (abs)        000000
__size_of_ReadADC                 (abs)        000000
__size_of_WriteTimer0             (abs)        000000
__size_of___lldiv                 (abs)        000000
__size_of___lmul                  (abs)        000000
__size_of___lwdiv                 (abs)        000000
__size_of___wmul                  (abs)        000000
__size_of_calibrazione            (abs)        000000
__size_of_configurazione_iniziale (abs)        000000
__size_of_delay_ms                (abs)        000000
__size_of_main                    (abs)        000000
__size_of_send_data               (abs)        000000
__size_ofi1_CANsendMessage        (abs)        000000
__size_ofi1___lwdiv               (abs)        000000
__size_ofi1___wmul                (abs)        000000
__smallconst                      smallconst   000000
_calibration                      bssCOMRAM    00000D
_calibrazione                     text12       002A7A
_clock_counter_reference          bssBANK0     0000B3
_configurazione_iniziale          text6        0027E4
_correzione                       bssCOMRAM    00000F
_counter                          bssCOMRAM    000001
_counter_array                    bssBANK0     000091
_currentSteering                  dataCOMRAM   000049
_currentSteering_array            bssBANK0     000099
_data_array                       bssBANK0     0000B5
_delay_ms                         text4        002AFE
_delay_quartz_frequency_value     dataBANK0    0000BD
_duty_cycle                       bssBANK0     0000A1
_errore                           bssCOMRAM    000011
_id                               bssCOMRAM    000005
_limiteDx                         dataCOMRAM   000045
_main                             text0        00251E
_msg                              bssCOMRAM    000014
_noChange                         bitbssCOMRAM 000258
_pastSteering                     dataCOMRAM   00004A
_potenza                          dataCOMRAM   000047
_previousTimeCounter              bssBANK0     0000A5
_remote_frame                     bitbssCOMRAM 000259
_send_data                        text1        002AC0
_theorySteering                   bssCOMRAM    000013
_timeCounter                      bssBANK0     0000A9
_timer                            bssBANK0     0000AD
btemp                             temp         00004C
delay_ms@value_ms                 cstackBANK0  000079
end_of_initialization             cinit        002A1A
i1CANsendMessage@data             cstackCOMRAM 000027
i1CANsendMessage@dataLength       cstackCOMRAM 000029
i1CANsendMessage@flags            cstackCOMRAM 00002A
i1CANsendMessage@identifier       cstackCOMRAM 000023
i1CANsendMessage@tamp             cstackCOMRAM 00002F
i1_CANsendMessage                 text24       00141E
i1___lwdiv                        text23       002A28
i1___lwdiv@counter                cstackCOMRAM 00002F
i1___lwdiv@dividend               cstackCOMRAM 000029
i1___lwdiv@divisor                cstackCOMRAM 00002B
i1___lwdiv@quotient               cstackCOMRAM 00002D
i1___wmul                         text22       002B6E
i1___wmul@multiplicand            cstackCOMRAM 000025
i1___wmul@multiplier              cstackCOMRAM 000023
i1___wmul@product                 cstackCOMRAM 000027
int$flags                         temp         00004C
int_func                          intcode_body 00272E
intlevel0                         text         000000
intlevel1                         text         000000
intlevel2                         text         000000
intlevel3                         text         000000
stackhi                           (abs)        0002FF
stacklo                           (abs)        0000BE
start                             init         000188
start_initialization              cinit        0029CE


FUNCTION INFORMATION:

 *************** function _main *****************
 Defined at:
		line 119 in file "newmain.c"
 Parameters:    Size  Location     Type
		None
 Auto vars:     Size  Location     Type
		None
 Return value:  Size  Location     Type
                  2  627[None  ] int 
 Registers used:
		wreg, fsr2l, fsr2h, status,2, status,0, prodl, prodh, cstack
 Tracked objects:
		On entry : 
		On exit  : 
		Unchanged: 
 Data sizes:     COMRAM   BANK0   BANK1   BANK2
      Params:         0       0       0       0
      Locals:         0       0       0       0
      Temps:          0       4       0       0
      Totals:         0       4       0       0
Total ram usage:        4 bytes
 Hardware stack levels required when called:    7
 This function calls:
		_CANisRXwarningON
		_CANisTXwarningON
		___lldiv
		___lmul
		_calibrazione
		_configurazione_iniziale
		_delay_ms
		_send_data
 This function is called by:
		Startup code after reset
 This function uses a non-reentrant model


 *************** function _send_data *****************
 Defined at:
		line 154 in file "newmain.c"
 Parameters:    Size  Location     Type
		None
 Auto vars:     Size  Location     Type
		None
 Return value:  Size  Location     Type
		None               void
 Registers used:
		wreg, fsr2l, fsr2h, status,2, status,0, cstack
 Tracked objects:
		On entry : 
		On exit  : 
		Unchanged: 
 Data sizes:     COMRAM   BANK0   BANK1   BANK2
      Params:         0       0       0       0
      Locals:         0       0       0       0
      Temps:          0       0       0       0
      Totals:         0       0       0       0
Total ram usage:        0 bytes
 Hardware stack levels used:    1
 Hardware stack levels required when called:    5
 This function calls:
		_CANisTxReady
		_CANsendMessage
 This function is called by:
		_main
 This function uses a non-reentrant model


 *************** function _CANsendMessage *****************
 Defined at:
		line 295 in file "../../LaurTec_PIC_libraries_v_3.3.0/inc\CANlib.h"
 Parameters:    Size  Location     Type
  identifier      4   19[BANK0 ] unsigned long 
  data            2   23[BANK0 ] PTR unsigned char 
		 -> data_array(8), 
  dataLength      1   25[BANK0 ] unsigned char 
  flags           1   26[BANK0 ] enum E16866
 Auto vars:     Size  Location     Type
  tamp            4   31[BANK0 ] unsigned long 
 Return value:  Size  Location     Type
		None               void
 Registers used:
		wreg, fsr2l, fsr2h, status,2, status,0
 Tracked objects:
		On entry : 
		On exit  : 
		Unchanged: 
 Data sizes:     COMRAM   BANK0   BANK1   BANK2
      Params:         0       8       0       0
      Locals:         0       4       0       0
      Temps:          0       4       0       0
      Totals:         0      16       0       0
Total ram usage:       16 bytes
 Hardware stack levels used:    1
 Hardware stack levels required when called:    4
 This function calls:
		Nothing
 This function is called by:
		_send_data
 This function uses a non-reentrant model


 *************** function _CANisTxReady *****************
 Defined at:
		line 1155 in file "../../LaurTec_PIC_libraries_v_3.3.0/inc\CANlib.h"
 Parameters:    Size  Location     Type
		None
 Auto vars:     Size  Location     Type
		None
 Return value:  Size  Location     Type
                  1    wreg      unsigned char 
 Registers used:
		wreg, status,2
 Tracked objects:
		On entry : 
		On exit  : 
		Unchanged: 
 Data sizes:     COMRAM   BANK0   BANK1   BANK2
      Params:         0       0       0       0
      Locals:         0       1       0       0
      Temps:          0       0       0       0
      Totals:         0       1       0       0
Total ram usage:        1 bytes
 Hardware stack levels used:    1
 Hardware stack levels required when called:    4
 This function calls:
		Nothing
 This function is called by:
		_send_data
 This function uses a non-reentrant model


 *************** function _delay_ms *****************
 Defined at:
		line 61 in file "../../LaurTec_PIC_libraries_v_3.3.0/src\delay.c"
 Parameters:    Size  Location     Type
  value_ms        2   25[BANK0 ] unsigned int 
 Auto vars:     Size  Location     Type
		None
 Return value:  Size  Location     Type
		None               void
 Registers used:
		wreg, status,2, status,0, prodl, prodh, cstack
 Tracked objects:
		On entry : 
		On exit  : 
		Unchanged: 
 Data sizes:     COMRAM   BANK0   BANK1   BANK2
      Params:         0       2       0       0
      Locals:         0       0       0       0
      Temps:          0       0       0       0
      Totals:         0       2       0       0
Total ram usage:        2 bytes
 Hardware stack levels used:    1
 Hardware stack levels required when called:    5
 This function calls:
		___wmul
 This function is called by:
		_main
		_delay_s
 This function uses a non-reentrant model


 *************** function ___wmul *****************
 Defined at:
		line 15 in file "C:\Program Files (x86)\Microchip\xc8\v1.35\sources\common\Umul16.c"
 Parameters:    Size  Location     Type
  multiplier      2   19[BANK0 ] unsigned int 
  multiplicand    2   21[BANK0 ] unsigned int 
 Auto vars:     Size  Location     Type
  product         2   23[BANK0 ] unsigned int 
 Return value:  Size  Location     Type
                  2   19[BANK0 ] unsigned int 
 Registers used:
		wreg, status,2, status,0, prodl, prodh
 Tracked objects:
		On entry : 
		On exit  : 
		Unchanged: 
 Data sizes:     COMRAM   BANK0   BANK1   BANK2
      Params:         0       4       0       0
      Locals:         0       2       0       0
      Temps:          0       0       0       0
      Totals:         0       6       0       0
Total ram usage:        6 bytes
 Hardware stack levels used:    1
 Hardware stack levels required when called:    4
 This function calls:
		Nothing
 This function is called by:
		_delay_ms
 This function uses a non-reentrant model


 *************** function _configurazione_iniziale *****************
 Defined at:
		line 180 in file "newmain.c"
 Parameters:    Size  Location     Type
		None
 Auto vars:     Size  Location     Type
		None
 Return value:  Size  Location     Type
		None               void
 Registers used:
		wreg, status,2, status,0, cstack
 Tracked objects:
		On entry : 
		On exit  : 
		Unchanged: 
 Data sizes:     COMRAM   BANK0   BANK1   BANK2
      Params:         0       0       0       0
      Locals:         0       0       0       0
      Temps:          0       0       0       0
      Totals:         0       0       0       0
Total ram usage:        0 bytes
 Hardware stack levels used:    1
 Hardware stack levels required when called:    6
 This function calls:
		_CANInitialize
		_OpenADC
 This function is called by:
		_main
 This function uses a non-reentrant model


 *************** function _OpenADC *****************
 Defined at:
		line 68 in file "C:\Program Files (x86)\Microchip\xc8\v1.35\sources\pic18\plib\ADC\adcopen.c"
 Parameters:    Size  Location     Type
  config          1    wreg     unsigned char 
  config2         1   19[BANK0 ] unsigned char 
  portconfig      1   20[BANK0 ] unsigned char 
 Auto vars:     Size  Location     Type
  config          1   23[BANK0 ] unsigned char 
 Return value:  Size  Location     Type
		None               void
 Registers used:
		wreg, status,2, status,0
 Tracked objects:
		On entry : 
		On exit  : 
		Unchanged: 
 Data sizes:     COMRAM   BANK0   BANK1   BANK2
      Params:         0       2       0       0
      Locals:         0       1       0       0
      Temps:          0       2       0       0
      Totals:         0       5       0       0
Total ram usage:        5 bytes
 Hardware stack levels used:    1
 Hardware stack levels required when called:    4
 This function calls:
		Nothing
 This function is called by:
		_configurazione_iniziale
 This function uses a non-reentrant model


 *************** function _CANInitialize *****************
 Defined at:
		line 219 in file "../../LaurTec_PIC_libraries_v_3.3.0/inc\CANlib.h"
 Parameters:    Size  Location     Type
  propSeg         1    wreg     unsigned char 
  phaseSeg1       1   33[BANK0 ] unsigned char 
  phaseSeg2       1   34[BANK0 ] unsigned char 
  SJW             1   35[BANK0 ] unsigned char 
  BRP             1   36[BANK0 ] unsigned char 
  flags           1   37[BANK0 ] enum E16844
 Auto vars:     Size  Location     Type
  propSeg         1   42[BANK0 ] unsigned char 
  FilterConfig    1   44[BANK0 ] unsigned char 
  FilterConfig    1   43[BANK0 ] unsigned char 
 Return value:  Size  Location     Type
		None               void
 Registers used:
		wreg, status,2, status,0, cstack
 Tracked objects:
		On entry : 
		On exit  : 
		Unchanged: 
 Data sizes:     COMRAM   BANK0   BANK1   BANK2
      Params:         0       5       0       0
      Locals:         0       3       0       0
      Temps:          0       4       0       0
      Totals:         0      12       0       0
Total ram usage:       12 bytes
 Hardware stack levels used:    1
 Hardware stack levels required when called:    5
 This function calls:
		_CANOperationMode
		_CANSetFilter
		_CANSetMask
 This function is called by:
		_configurazione_iniziale
 This function uses a non-reentrant model


 *************** function _CANSetMask *****************
 Defined at:
		line 641 in file "../../LaurTec_PIC_libraries_v_3.3.0/inc\CANlib.h"
 Parameters:    Size  Location     Type
  numBuffer       1    wreg     enum E16878
  mask            4   19[BANK0 ] unsigned long 
  type            1   23[BANK0 ] enum E16844
 Auto vars:     Size  Location     Type
  numBuffer       1   28[BANK0 ] enum E16878
  tamp            4   29[BANK0 ] unsigned long 
 Return value:  Size  Location     Type
		None               void
 Registers used:
		wreg, status,2, status,0
 Tracked objects:
		On entry : 
		On exit  : 
		Unchanged: 
 Data sizes:     COMRAM   BANK0   BANK1   BANK2
      Params:         0       5       0       0
      Locals:         0       5       0       0
      Temps:          0       4       0       0
      Totals:         0      14       0       0
Total ram usage:       14 bytes
 Hardware stack levels used:    1
 Hardware stack levels required when called:    4
 This function calls:
		Nothing
 This function is called by:
		_CANInitialize
 This function uses a non-reentrant model


 *************** function _CANSetFilter *****************
 Defined at:
		line 749 in file "../../LaurTec_PIC_libraries_v_3.3.0/inc\CANlib.h"
 Parameters:    Size  Location     Type
  numBuffer       1    wreg     enum E16881
  filter          4   19[BANK0 ] unsigned long 
  type            1   23[BANK0 ] enum E16844
 Auto vars:     Size  Location     Type
  numBuffer       1   28[BANK0 ] enum E16881
  tamp            4   29[BANK0 ] unsigned long 
 Return value:  Size  Location     Type
		None               void
 Registers used:
		wreg, status,2, status,0
 Tracked objects:
		On entry : 
		On exit  : 
		Unchanged: 
 Data sizes:     COMRAM   BANK0   BANK1   BANK2
      Params:         0       5       0       0
      Locals:         0       5       0       0
      Temps:          0       4       0       0
      Totals:         0      14       0       0
Total ram usage:       14 bytes
 Hardware stack levels used:    1
 Hardware stack levels required when called:    4
 This function calls:
		Nothing
 This function is called by:
		_CANInitialize
 This function uses a non-reentrant model


 *************** function _CANOperationMode *****************
 Defined at:
		line 207 in file "../../LaurTec_PIC_libraries_v_3.3.0/inc\CANlib.h"
 Parameters:    Size  Location     Type
  mode            1    wreg     enum E16838
 Auto vars:     Size  Location     Type
  mode            1   19[BANK0 ] enum E16838
 Return value:  Size  Location     Type
		None               void
 Registers used:
		wreg, status,2, status,0
 Tracked objects:
		On entry : 
		On exit  : 
		Unchanged: 
 Data sizes:     COMRAM   BANK0   BANK1   BANK2
      Params:         0       0       0       0
      Locals:         0       1       0       0
      Temps:          0       0       0       0
      Totals:         0       1       0       0
Total ram usage:        1 bytes
 Hardware stack levels used:    1
 Hardware stack levels required when called:    4
 This function calls:
		Nothing
 This function is called by:
		_CANInitialize
 This function uses a non-reentrant model


 *************** function _calibrazione *****************
 Defined at:
		line 169 in file "newmain.c"
 Parameters:    Size  Location     Type
		None
 Auto vars:     Size  Location     Type
		None
 Return value:  Size  Location     Type
		None               void
 Registers used:
		wreg, status,2, status,0, cstack
 Tracked objects:
		On entry : 
		On exit  : 
		Unchanged: 
 Data sizes:     COMRAM   BANK0   BANK1   BANK2
      Params:         0       0       0       0
      Locals:         0       0       0       0
      Temps:          0       0       0       0
      Totals:         0       0       0       0
Total ram usage:        0 bytes
 Hardware stack levels used:    1
 Hardware stack levels required when called:    5
 This function calls:
		_BusyADC
		_ConvertADC
		_ReadADC
		___lwdiv
 This function is called by:
		_main
 This function uses a non-reentrant model


 *************** function ___lwdiv *****************
 Defined at:
		line 8 in file "C:\Program Files (x86)\Microchip\xc8\v1.35\sources\common\lwdiv.c"
 Parameters:    Size  Location     Type
  dividend        2   19[BANK0 ] unsigned int 
  divisor         2   21[BANK0 ] unsigned int 
 Auto vars:     Size  Location     Type
  quotient        2   23[BANK0 ] unsigned int 
  counter         1   25[BANK0 ] unsigned char 
 Return value:  Size  Location     Type
                  2   19[BANK0 ] unsigned int 
 Registers used:
		wreg, status,2, status,0
 Tracked objects:
		On entry : 
		On exit  : 
		Unchanged: 
 Data sizes:     COMRAM   BANK0   BANK1   BANK2
      Params:         0       4       0       0
      Locals:         0       3       0       0
      Temps:          0       0       0       0
      Totals:         0       7       0       0
Total ram usage:        7 bytes
 Hardware stack levels used:    1
 Hardware stack levels required when called:    4
 This function calls:
		Nothing
 This function is called by:
		_calibrazione
 This function uses a non-reentrant model


 *************** function _ReadADC *****************
 Defined at:
		line 24 in file "C:\Program Files (x86)\Microchip\xc8\v1.35\sources\pic18\plib\ADC\adcread.c"
 Parameters:    Size  Location     Type
		None
 Auto vars:     Size  Location     Type
		None
 Return value:  Size  Location     Type
                  2   19[BANK0 ] int 
 Registers used:
		wreg, status,2
 Tracked objects:
		On entry : 
		On exit  : 
		Unchanged: 
 Data sizes:     COMRAM   BANK0   BANK1   BANK2
      Params:         0       2       0       0
      Locals:         0       0       0       0
      Temps:          0       2       0       0
      Totals:         0       4       0       0
Total ram usage:        4 bytes
 Hardware stack levels used:    1
 Hardware stack levels required when called:    4
 This function calls:
		Nothing
 This function is called by:
		_calibrazione
 This function uses a non-reentrant model


 *************** function _ConvertADC *****************
 Defined at:
		line 22 in file "C:\Program Files (x86)\Microchip\xc8\v1.35\sources\pic18\plib\ADC\adcconv.c"
 Parameters:    Size  Location     Type
		None
 Auto vars:     Size  Location     Type
		None
 Return value:  Size  Location     Type
		None               void
 Registers used:
		None
 Tracked objects:
		On entry : 
		On exit  : 
		Unchanged: 
 Data sizes:     COMRAM   BANK0   BANK1   BANK2
      Params:         0       0       0       0
      Locals:         0       0       0       0
      Temps:          0       0       0       0
      Totals:         0       0       0       0
Total ram usage:        0 bytes
 Hardware stack levels used:    1
 Hardware stack levels required when called:    4
 This function calls:
		Nothing
 This function is called by:
		_calibrazione
 This function uses a non-reentrant model


 *************** function _BusyADC *****************
 Defined at:
		line 26 in file "C:\Program Files (x86)\Microchip\xc8\v1.35\sources\pic18\plib\ADC\adcbusy.c"
 Parameters:    Size  Location     Type
		None
 Auto vars:     Size  Location     Type
		None
 Return value:  Size  Location     Type
                  1    wreg      unsigned char 
 Registers used:
		wreg
 Tracked objects:
		On entry : 
		On exit  : 
		Unchanged: 
 Data sizes:     COMRAM   BANK0   BANK1   BANK2
      Params:         0       0       0       0
      Locals:         0       0       0       0
      Temps:          0       0       0       0
      Totals:         0       0       0       0
Total ram usage:        0 bytes
 Hardware stack levels used:    1
 Hardware stack levels required when called:    4
 This function calls:
		Nothing
 This function is called by:
		_calibrazione
 This function uses a non-reentrant model


 *************** function ___lmul *****************
 Defined at:
		line 15 in file "C:\Program Files (x86)\Microchip\xc8\v1.35\sources\common\Umul32.c"
 Parameters:    Size  Location     Type
  multiplier      4   19[BANK0 ] unsigned long 
  multiplicand    4   23[BANK0 ] unsigned long 
 Auto vars:     Size  Location     Type
  product         4   27[BANK0 ] unsigned long 
 Return value:  Size  Location     Type
                  4   19[BANK0 ] unsigned long 
 Registers used:
		wreg, status,2, status,0
 Tracked objects:
		On entry : 
		On exit  : 
		Unchanged: 
 Data sizes:     COMRAM   BANK0   BANK1   BANK2
      Params:         0       8       0       0
      Locals:         0       4       0       0
      Temps:          0       0       0       0
      Totals:         0      12       0       0
Total ram usage:       12 bytes
 Hardware stack levels used:    1
 Hardware stack levels required when called:    4
 This function calls:
		Nothing
 This function is called by:
		_main
 This function uses a non-reentrant model


 *************** function ___lldiv *****************
 Defined at:
		line 8 in file "C:\Program Files (x86)\Microchip\xc8\v1.35\sources\common\lldiv.c"
 Parameters:    Size  Location     Type
  dividend        4   31[BANK0 ] unsigned long 
  divisor         4   35[BANK0 ] unsigned long 
 Auto vars:     Size  Location     Type
  quotient        4   39[BANK0 ] unsigned long 
  counter         1   43[BANK0 ] unsigned char 
 Return value:  Size  Location     Type
                  4   31[BANK0 ] unsigned long 
 Registers used:
		wreg, status,2, status,0
 Tracked objects:
		On entry : 
		On exit  : 
		Unchanged: 
 Data sizes:     COMRAM   BANK0   BANK1   BANK2
      Params:         0       8       0       0
      Locals:         0       5       0       0
      Temps:          0       0       0       0
      Totals:         0      13       0       0
Total ram usage:       13 bytes
 Hardware stack levels used:    1
 Hardware stack levels required when called:    4
 This function calls:
		Nothing
 This function is called by:
		_main
 This function uses a non-reentrant model


 *************** function _CANisTXwarningON *****************
 Defined at:
		line 1120 in file "../../LaurTec_PIC_libraries_v_3.3.0/inc\CANlib.h"
 Parameters:    Size  Location     Type
		None
 Auto vars:     Size  Location     Type
		None
 Return value:  Size  Location     Type
                  1    wreg      unsigned char 
 Registers used:
		wreg
 Tracked objects:
		On entry : 
		On exit  : 
		Unchanged: 
 Data sizes:     COMRAM   BANK0   BANK1   BANK2
      Params:         0       0       0       0
      Locals:         0       0       0       0
      Temps:          0       0       0       0
      Totals:         0       0       0       0
Total ram usage:        0 bytes
 Hardware stack levels used:    1
 Hardware stack levels required when called:    4
 This function calls:
		Nothing
 This function is called by:
		_main
 This function uses a non-reentrant model


 *************** function _CANisRXwarningON *****************
 Defined at:
		line 1128 in file "../../LaurTec_PIC_libraries_v_3.3.0/inc\CANlib.h"
 Parameters:    Size  Location     Type
		None
 Auto vars:     Size  Location     Type
		None
 Return value:  Size  Location     Type
                  1    wreg      unsigned char 
 Registers used:
		wreg
 Tracked objects:
		On entry : 
		On exit  : 
		Unchanged: 
 Data sizes:     COMRAM   BANK0   BANK1   BANK2
      Params:         0       0       0       0
      Locals:         0       0       0       0
      Temps:          0       0       0       0
      Totals:         0       0       0       0
Total ram usage:        0 bytes
 Hardware stack levels used:    1
 Hardware stack levels required when called:    4
 This function calls:
		Nothing
 This function is called by:
		_main
 This function uses a non-reentrant model


 *************** function _ISR_bassa *****************
 Defined at:
		line 85 in file "newmain.c"
 Parameters:    Size  Location     Type
		None
 Auto vars:     Size  Location     Type
		None
 Return value:  Size  Location     Type
		None               void
 Registers used:
		wreg, fsr2l, fsr2h, status,2, status,0, prodl, prodh, cstack
 Tracked objects:
		On entry : 
		On exit  : 
		Unchanged: 
 Data sizes:     COMRAM   BANK0   BANK1   BANK2
      Params:         0       0       0       0
      Locals:         0       0       0       0
      Temps:         18       0       0       0
      Totals:        18       0       0       0
Total ram usage:       18 bytes
 Hardware stack levels used:    1
 Hardware stack levels required when called:    3
 This function calls:
		_CANisRxReady
		_CANreceiveMessage
		i1_CANsendMessage
		i1___lwdiv
		i1___wmul
 This function is called by:
		Interrupt level 1
 This function uses a non-reentrant model


 *************** function i1___wmul *****************
 Defined at:
		line 15 in file "C:\Program Files (x86)\Microchip\xc8\v1.35\sources\common\Umul16.c"
 Parameters:    Size  Location     Type
  multiplier      2    0[COMRAM] unsigned int 
  multiplicand    2    2[COMRAM] unsigned int 
 Auto vars:     Size  Location     Type
  __wmul          2    4[COMRAM] unsigned int 
 Return value:  Size  Location     Type
                  2    0[COMRAM] unsigned int 
 Registers used:
		wreg, status,2, status,0, prodl, prodh
 Tracked objects:
		On entry : 
		On exit  : 
		Unchanged: 
 Data sizes:     COMRAM   BANK0   BANK1   BANK2
      Params:         4       0       0       0
      Locals:         2       0       0       0
      Temps:          0       0       0       0
      Totals:         6       0       0       0
Total ram usage:        6 bytes
 Hardware stack levels used:    1
 Hardware stack levels required when called:    2
 This function calls:
		Nothing
 This function is called by:
		_ISR_bassa
 This function uses a non-reentrant model


 *************** function i1___lwdiv *****************
 Defined at:
		line 8 in file "C:\Program Files (x86)\Microchip\xc8\v1.35\sources\common\lwdiv.c"
 Parameters:    Size  Location     Type
  dividend        2    6[COMRAM] unsigned int 
  divisor         2    8[COMRAM] unsigned int 
 Auto vars:     Size  Location     Type
  __lwdiv         2   10[COMRAM] unsigned int 
  __lwdiv         1   12[COMRAM] unsigned char 
 Return value:  Size  Location     Type
                  2    6[COMRAM] unsigned int 
 Registers used:
		wreg, status,2, status,0
 Tracked objects:
		On entry : 
		On exit  : 
		Unchanged: 
 Data sizes:     COMRAM   BANK0   BANK1   BANK2
      Params:         4       0       0       0
      Locals:         3       0       0       0
      Temps:          0       0       0       0
      Totals:         7       0       0       0
Total ram usage:        7 bytes
 Hardware stack levels used:    1
 Hardware stack levels required when called:    2
 This function calls:
		Nothing
 This function is called by:
		_ISR_bassa
 This function uses a non-reentrant model


 *************** function i1_CANsendMessage *****************
 Defined at:
		line 295 in file "../../LaurTec_PIC_libraries_v_3.3.0/inc\CANlib.h"
 Parameters:    Size  Location     Type
  identifier      4    0[COMRAM] unsigned long 
  data            2    4[COMRAM] PTR unsigned char 
		 -> data_array(8), 
  dataLength      1    6[COMRAM] unsigned char 
  flags           1    7[COMRAM] enum E16866
 Auto vars:     Size  Location     Type
  CANsendMessa    4   12[COMRAM] unsigned long 
 Return value:  Size  Location     Type
		None               void
 Registers used:
		wreg, fsr2l, fsr2h, status,2, status,0
 Tracked objects:
		On entry : 
		On exit  : 
		Unchanged: 
 Data sizes:     COMRAM   BANK0   BANK1   BANK2
      Params:         8       0       0       0
      Locals:         4       0       0       0
      Temps:          4       0       0       0
      Totals:        16       0       0       0
Total ram usage:       16 bytes
 Hardware stack levels used:    1
 Hardware stack levels required when called:    2
 This function calls:
		Nothing
 This function is called by:
		_ISR_bassa
 This function uses a non-reentrant model


 *************** function _CANreceiveMessage *****************
 Defined at:
		line 529 in file "../../LaurTec_PIC_libraries_v_3.3.0/inc\CANlib.h"
 Parameters:    Size  Location     Type
  msg             2    0[COMRAM] PTR struct .
		 -> msg(15), 
 Auto vars:     Size  Location     Type
  tamp            1   11[COMRAM] unsigned char 
  error           1   10[COMRAM] unsigned char 
 Return value:  Size  Location     Type
                  1    wreg      unsigned char 
 Registers used:
		wreg, fsr2l, fsr2h, status,2, status,0
 Tracked objects:
		On entry : 
		On exit  : 
		Unchanged: 
 Data sizes:     COMRAM   BANK0   BANK1   BANK2
      Params:         2       0       0       0
      Locals:         2       0       0       0
      Temps:          8       0       0       0
      Totals:        12       0       0       0
Total ram usage:       12 bytes
 Hardware stack levels used:    1
 Hardware stack levels required when called:    2
 This function calls:
		Nothing
 This function is called by:
		_ISR_bassa
 This function uses a non-reentrant model


 *************** function _CANisRxReady *****************
 Defined at:
		line 1164 in file "../../LaurTec_PIC_libraries_v_3.3.0/inc\CANlib.h"
 Parameters:    Size  Location     Type
		None
 Auto vars:     Size  Location     Type
		None
 Return value:  Size  Location     Type
                  1    wreg      unsigned char 
 Registers used:
		wreg, status,2
 Tracked objects:
		On entry : 
		On exit  : 
		Unchanged: 
 Data sizes:     COMRAM   BANK0   BANK1   BANK2
      Params:         0       0       0       0
      Locals:         1       0       0       0
      Temps:          0       0       0       0
      Totals:         1       0       0       0
Total ram usage:        1 bytes
 Hardware stack levels used:    1
 Hardware stack levels required when called:    2
 This function calls:
		Nothing
 This function is called by:
		_ISR_bassa
 This function uses a non-reentrant model


 *************** function _ISR_alta *****************
 Defined at:
		line 65 in file "newmain.c"
 Parameters:    Size  Location     Type
		None
 Auto vars:     Size  Location     Type
		None
 Return value:  Size  Location     Type
		None               void
 Registers used:
		wreg, status,2, status,0, cstack
 Tracked objects:
		On entry : 
		On exit  : 
		Unchanged: 
 Data sizes:     COMRAM   BANK0   BANK1   BANK2
      Params:         0       0       0       0
      Locals:         0       0       0       0
      Temps:          0      15       0       0
      Totals:         0      15       0       0
Total ram usage:       15 bytes
 Hardware stack levels used:    1
 Hardware stack levels required when called:    1
 This function calls:
		_WriteTimer0
 This function is called by:
		Interrupt level 2
 This function uses a non-reentrant model


 *************** function _WriteTimer0 *****************
 Defined at:
		line 16 in file "C:\Program Files (x86)\Microchip\xc8\v1.35\sources\pic18\plib\Timers\t0write.c"
 Parameters:    Size  Location     Type
  timer0          2    0[BANK0 ] unsigned int 
 Auto vars:     Size  Location     Type
  timer           2    2[BANK0 ] struct Timers
 Return value:  Size  Location     Type
		None               void
 Registers used:
		None
 Tracked objects:
		On entry : 
		On exit  : 
		Unchanged: 
 Data sizes:     COMRAM   BANK0   BANK1   BANK2
      Params:         0       2       0       0
      Locals:         0       2       0       0
      Temps:          0       0       0       0
      Totals:         0       4       0       0
Total ram usage:        4 bytes
 Hardware stack levels used:    1
 This function calls:
		Nothing
 This function is called by:
		_ISR_alta
 This function uses a non-reentrant model



MODULE INFORMATION

Module		Function		Class		Link	Load	Size
C:\Program Files (x86)\Microchip\xc8\v1.35\sources\pic18\plib\ADC\adcbusy.c
		_BusyADC       		CODE           	2C08	0000	13

C:\Program Files (x86)\Microchip\xc8\v1.35\sources\pic18\plib\ADC\adcbusy.c estimated size: 13

C:\Program Files (x86)\Microchip\xc8\v1.35\sources\common\Umul32.c
		___lmul        		CODE           	2958	0000	119

C:\Program Files (x86)\Microchip\xc8\v1.35\sources\common\Umul32.c estimated size: 119

C:\Program Files (x86)\Microchip\xc8\v1.35\sources\pic18\plib\ADC\adcread.c
		_ReadADC       		CODE           	2BE4	0000	19

C:\Program Files (x86)\Microchip\xc8\v1.35\sources\pic18\plib\ADC\adcread.c estimated size: 19

newmain.c
		_configurazione_iniziale		CODE           	27E4	0000	129
		_send_data     		CODE           	2AC0	0000	63
		_main          		CODE           	251E	0000	341
		_ISR_bassa     		CODE           	0018	0000	369
		_calibrazione  		CODE           	2A7A	0000	71
		_ISR_alta      		CODE           	0008	0000	197

newmain.c estimated size: 1170

../../LaurTec_PIC_libraries_v_3.3.0/src\delay.c
		_delay_ms      		CODE           	2AFE	0000	59

../../LaurTec_PIC_libraries_v_3.3.0/src\delay.c estimated size: 59

C:\Program Files (x86)\Microchip\xc8\v1.35\sources\pic18\plib\ADC\adcconv.c
		_ConvertADC    		CODE           	2C32	0000	5

C:\Program Files (x86)\Microchip\xc8\v1.35\sources\pic18\plib\ADC\adcconv.c estimated size: 5

shared
		i1___lwdiv     		CODE           	2A28	0000	83
		i1___wmul      		CODE           	2B6E	0000	39
		__initialization		CODE           	29CE	0000	77
		i1_CANsendMessage		CODE           	141E	0000	1681

shared estimated size: 1880

../../LaurTec_PIC_libraries_v_3.3.0/inc\CANlib.h
		_CANisRXwarningON		CODE           	2C20	0000	13
		_CANSetFilter  		CODE           	018C	0000	2823
		_CANisRxReady  		CODE           	2BCE	0000	23
		_CANreceiveMessage		CODE           	1AAE	0000	1293
		_CANisTXwarningON		CODE           	2C14	0000	13
		_CANsendMessage		CODE           	0C92	0000	1933
		_CANInitialize 		CODE           	2358	0000	455
		_CANOperationMode		CODE           	2BB8	0000	23
		_CANisTxReady  		CODE           	2B94	0000	37
		_CANSetMask    		CODE           	1FBA	0000	927

../../LaurTec_PIC_libraries_v_3.3.0/inc\CANlib.h estimated size: 7540

C:\Program Files (x86)\Microchip\xc8\v1.35\sources\pic18\plib\Timers\t0write.c
		_WriteTimer0   		CODE           	2BF6	0000	19

C:\Program Files (x86)\Microchip\xc8\v1.35\sources\pic18\plib\Timers\t0write.c estimated size: 19

C:\Program Files (x86)\Microchip\xc8\v1.35\sources\common\lwdiv.c
		___lwdiv       		CODE           	28E0	0000	121

C:\Program Files (x86)\Microchip\xc8\v1.35\sources\common\lwdiv.c estimated size: 121

C:\Program Files (x86)\Microchip\xc8\v1.35\sources\common\Umul16.c
		___wmul        		CODE           	2B38	0000	55

C:\Program Files (x86)\Microchip\xc8\v1.35\sources\common\Umul16.c estimated size: 55

C:\Program Files (x86)\Microchip\xc8\v1.35\sources\common\lldiv.c
		___lldiv       		CODE           	2672	0000	189

C:\Program Files (x86)\Microchip\xc8\v1.35\sources\common\lldiv.c estimated size: 189

C:\Program Files (x86)\Microchip\xc8\v1.35\sources\pic18\plib\ADC\adcopen.c
		_OpenADC       		CODE           	2864	0000	125

C:\Program Files (x86)\Microchip\xc8\v1.35\sources\pic18\plib\ADC\adcopen.c estimated size: 125

